Archive member included to satisfy reference by file (symbol)

/usr/lib/gcc/arm-none-eabi/12.2.1/thumb/v6-m/nofp/libgcc.a(_dvmd_tls.o)
                              CMakeFiles/blink.dir/opt/pico-sdk/src/rp2_common/pico_divider/divider_hardware.S.o (__aeabi_idiv0)
/usr/lib/gcc/arm-none-eabi/12.2.1/../../../arm-none-eabi/lib/thumb/v6-m/nofp/libg.a(lib_a-atexit.o)
                              /usr/lib/gcc/arm-none-eabi/12.2.1/../../../arm-none-eabi/lib/thumb/v6-m/nofp/crt0.o (atexit)
/usr/lib/gcc/arm-none-eabi/12.2.1/../../../arm-none-eabi/lib/thumb/v6-m/nofp/libg.a(lib_a-calloc.o)
                              CMakeFiles/blink.dir/opt/pico-sdk/src/rp2_common/pico_malloc/malloc.c.o (calloc)
/usr/lib/gcc/arm-none-eabi/12.2.1/../../../arm-none-eabi/lib/thumb/v6-m/nofp/libg.a(lib_a-callocr.o)
                              /usr/lib/gcc/arm-none-eabi/12.2.1/../../../arm-none-eabi/lib/thumb/v6-m/nofp/libg.a(lib_a-calloc.o) (_calloc_r)
/usr/lib/gcc/arm-none-eabi/12.2.1/../../../arm-none-eabi/lib/thumb/v6-m/nofp/libg.a(lib_a-fini.o)
                              /usr/lib/gcc/arm-none-eabi/12.2.1/../../../arm-none-eabi/lib/thumb/v6-m/nofp/crt0.o (__libc_fini_array)
/usr/lib/gcc/arm-none-eabi/12.2.1/../../../arm-none-eabi/lib/thumb/v6-m/nofp/libg.a(lib_a-impure.o)
                              /usr/lib/gcc/arm-none-eabi/12.2.1/../../../arm-none-eabi/lib/thumb/v6-m/nofp/libg.a(lib_a-calloc.o) (_impure_ptr)
/usr/lib/gcc/arm-none-eabi/12.2.1/../../../arm-none-eabi/lib/thumb/v6-m/nofp/libg.a(lib_a-init.o)
                              /usr/lib/gcc/arm-none-eabi/12.2.1/../../../arm-none-eabi/lib/thumb/v6-m/nofp/crt0.o (__libc_init_array)
/usr/lib/gcc/arm-none-eabi/12.2.1/../../../arm-none-eabi/lib/thumb/v6-m/nofp/libg.a(lib_a-lcltime_r.o)
                              CMakeFiles/blink.dir/opt/pico-sdk/src/common/pico_util/datetime.c.o (localtime_r)
/usr/lib/gcc/arm-none-eabi/12.2.1/../../../arm-none-eabi/lib/thumb/v6-m/nofp/libg.a(lib_a-malloc.o)
                              CMakeFiles/blink.dir/opt/pico-sdk/src/rp2_common/pico_malloc/malloc.c.o (malloc)
/usr/lib/gcc/arm-none-eabi/12.2.1/../../../arm-none-eabi/lib/thumb/v6-m/nofp/libg.a(lib_a-mallocr.o)
                              /usr/lib/gcc/arm-none-eabi/12.2.1/../../../arm-none-eabi/lib/thumb/v6-m/nofp/libg.a(lib_a-callocr.o) (_malloc_r)
/usr/lib/gcc/arm-none-eabi/12.2.1/../../../arm-none-eabi/lib/thumb/v6-m/nofp/libg.a(lib_a-memcmp.o)
                              CMakeFiles/blink.dir/opt/pico-sdk/src/rp2_common/pico_atomic/atomic.c.o (memcmp)
/usr/lib/gcc/arm-none-eabi/12.2.1/../../../arm-none-eabi/lib/thumb/v6-m/nofp/libg.a(lib_a-mktime.o)
                              CMakeFiles/blink.dir/opt/pico-sdk/src/common/pico_util/datetime.c.o (mktime)
/usr/lib/gcc/arm-none-eabi/12.2.1/../../../arm-none-eabi/lib/thumb/v6-m/nofp/libg.a(lib_a-mlock.o)
                              /usr/lib/gcc/arm-none-eabi/12.2.1/../../../arm-none-eabi/lib/thumb/v6-m/nofp/libg.a(lib_a-mallocr.o) (__malloc_lock)
/usr/lib/gcc/arm-none-eabi/12.2.1/../../../arm-none-eabi/lib/thumb/v6-m/nofp/libg.a(lib_a-month_lengths.o)
                              /usr/lib/gcc/arm-none-eabi/12.2.1/../../../arm-none-eabi/lib/thumb/v6-m/nofp/libg.a(lib_a-lcltime_r.o) (__month_lengths)
/usr/lib/gcc/arm-none-eabi/12.2.1/../../../arm-none-eabi/lib/thumb/v6-m/nofp/libg.a(lib_a-realloc.o)
                              CMakeFiles/blink.dir/opt/pico-sdk/src/rp2_common/pico_malloc/malloc.c.o (realloc)
/usr/lib/gcc/arm-none-eabi/12.2.1/../../../arm-none-eabi/lib/thumb/v6-m/nofp/libg.a(lib_a-reallocr.o)
                              /usr/lib/gcc/arm-none-eabi/12.2.1/../../../arm-none-eabi/lib/thumb/v6-m/nofp/libg.a(lib_a-realloc.o) (_realloc_r)
/usr/lib/gcc/arm-none-eabi/12.2.1/../../../arm-none-eabi/lib/thumb/v6-m/nofp/libg.a(lib_a-sbrkr.o)
                              /usr/lib/gcc/arm-none-eabi/12.2.1/../../../arm-none-eabi/lib/thumb/v6-m/nofp/libg.a(lib_a-mallocr.o) (_sbrk_r)
/usr/lib/gcc/arm-none-eabi/12.2.1/../../../arm-none-eabi/lib/thumb/v6-m/nofp/libg.a(lib_a-strlen-stub.o)
                              CMakeFiles/blink.dir/opt/pico-sdk/src/rp2_common/pico_stdio/stdio.c.o (strlen)
/usr/lib/gcc/arm-none-eabi/12.2.1/../../../arm-none-eabi/lib/thumb/v6-m/nofp/libg.a(lib_a-tzcalc_limits.o)
                              /usr/lib/gcc/arm-none-eabi/12.2.1/../../../arm-none-eabi/lib/thumb/v6-m/nofp/libg.a(lib_a-lcltime_r.o) (__tzcalc_limits)
/usr/lib/gcc/arm-none-eabi/12.2.1/../../../arm-none-eabi/lib/thumb/v6-m/nofp/libg.a(lib_a-tzlock.o)
                              /usr/lib/gcc/arm-none-eabi/12.2.1/../../../arm-none-eabi/lib/thumb/v6-m/nofp/libg.a(lib_a-lcltime_r.o) (__tz_lock)
/usr/lib/gcc/arm-none-eabi/12.2.1/../../../arm-none-eabi/lib/thumb/v6-m/nofp/libg.a(lib_a-tzset.o)
                              /usr/lib/gcc/arm-none-eabi/12.2.1/../../../arm-none-eabi/lib/thumb/v6-m/nofp/libg.a(lib_a-lcltime_r.o) (_tzset_unlocked)
[...]
Memory Configuration

Name             Origin             Length             Attributes
FLASH            0x10000000         0x00200000         xr
RAM              0x20000000         0x00040000         xrw
SCRATCH_X        0x20040000         0x00001000         xrw
SCRATCH_Y        0x20041000         0x00001000         xrw
*default*        0x00000000         0xffffffff

Linker script and memory map

LOAD /usr/lib/gcc/arm-none-eabi/12.2.1/thumb/v6-m/nofp/crti.o
LOAD /usr/lib/gcc/arm-none-eabi/12.2.1/thumb/v6-m/nofp/crtbegin.o
LOAD /usr/lib/gcc/arm-none-eabi/12.2.1/../../../arm-none-eabi/lib/thumb/v6-m/nofp/crt0.o

.flash_begin    0x10000000        0x0
                0x10000000                        __flash_binary_start = .

.boot2          0x10000000      0x100
                0x10000000                        __boot2_start__ = .
 *(.boot2)
 .boot2         0x10000000      0x100 ../pico-sdk/src/rp2040/boot_stage2/CMakeFiles/bs2_default_library.dir/bs2_default_padded_checksummed.S.o
                0x10000100                        __boot2_end__ = .
                0x00000001                        ASSERT (((__boot2_end__ - __boot2_start__) == 0x100), ERROR: Pico second stage bootloader must be 256 bytes in size)

.text           0x10000100     0x1690
                0x10000100                        __logical_binary_start = .
 *(.vectors)
 .vectors       0x10000100       0xd4 CMakeFiles/blink.dir/opt/pico-sdk/src/rp2_common/pico_crt0/crt0.S.o
                0x10000100                __vectors
                0x10000100                __VECTOR_TABLE
                0x100001c0                isr_invalid
                0x100001c0                __default_isrs_start
                0x100001c2                isr_nmi
                0x100001c4                isr_hardfault
                0x100001c6                isr_svcall
                0x100001c8                isr_pendsv
                0x100001ca                isr_systick
                0x100001cc                isr_irq30
                0x100001cc                __unhandled_user_irq
                0x100001cc                isr_irq13
                0x100001cc                isr_irq27
                0x100001cc                isr_irq31
                0x100001cc                isr_irq5
                0x100001cc                isr_irq11
                0x100001cc                isr_irq23
                0x100001cc                isr_irq18
                0x100001cc                isr_irq28
                0x100001cc                isr_irq19
                0x100001cc                isr_irq0
                0x100001cc                isr_irq6
                0x100001cc                isr_irq22
                0x100001cc                isr_irq17
                0x100001cc                isr_irq14
                0x100001cc                isr_irq2
                0x100001cc                isr_irq10
                0x100001cc                isr_irq8
                0x100001cc                isr_irq24
                0x100001cc                isr_irq1
                0x100001cc                isr_irq7
                0x100001cc                isr_irq21
                0x100001cc                isr_irq20
                0x100001cc                isr_irq15
                0x100001cc                isr_irq25
                0x100001cc                isr_irq4
                0x100001cc                isr_irq16
                0x100001cc                isr_irq29
                0x100001cc                isr_irq26
                0x100001cc                __default_isrs_end
                0x100001cc                isr_irq3
                0x100001cc                isr_irq12
                0x100001cc                isr_irq9
                0x100001d2                unhandled_user_irq_num_in_r0
 *(.binary_info_header)
 .binary_info_header
                0x100001d4       0x14 CMakeFiles/blink.dir/opt/pico-sdk/src/rp2_common/pico_crt0/crt0.S.o
                0x100001e8                        __binary_info_header_end = .
 *(.embedded_block)
                0x100001e8                        __embedded_block_end = .
 *(.reset)
 .reset         0x100001e8       0x9c CMakeFiles/blink.dir/opt/pico-sdk/src/rp2_common/pico_crt0/crt0.S.o
                0x100001e8                _entry_point
 *(.init)
 .init          0x10000284        0x4 /usr/lib/gcc/arm-none-eabi/12.2.1/thumb/v6-m/nofp/crti.o
                0x10000284                _init
 *(EXCLUDE_FILE(*libm.a: *libc.a:*lib_a-mem*.o *libgcc.a:) .text*)
 .text          0x10000288       0x98 /usr/lib/gcc/arm-none-eabi/12.2.1/thumb/v6-m/nofp/crtbegin.o
 .text.startup.main
                0x10000320       0x24 CMakeFiles/blink.dir/main.c.o
                0x10000320                main
 .text.gpio_init
                0x10000344       0x40 CMakeFiles/blink.dir/opt/pico-sdk/src/rp2_common/hardware_gpio/gpio.c.o
                0x10000344                gpio_init
 .text.panic    0x10000384       0x30 CMakeFiles/blink.dir/opt/pico-sdk/src/rp2_common/pico_platform_panic/panic.c.o
                0x10000384                panic
 .text.hw_claim_or_assert
                0x100003b4       0x44 CMakeFiles/blink.dir/opt/pico-sdk/src/common/hardware_claim/claim.c.o
                0x100003b4                hw_claim_or_assert
 .text.next_striped_spin_lock_num
                0x100003f8       0x18 CMakeFiles/blink.dir/opt/pico-sdk/src/rp2_common/hardware_sync/sync.c.o
                0x100003f8                next_striped_spin_lock_num
 .text.spin_locks_reset
                0x10000410       0x1c CMakeFiles/blink.dir/opt/pico-sdk/src/rp2_common/hardware_sync_spin_lock/sync_spin_lock.c.o
                0x10000410                spin_locks_reset
 .text.runtime_init_per_core_irq_priorities
                0x1000042c       0x24 CMakeFiles/blink.dir/opt/pico-sdk/src/rp2_common/hardware_irq/irq.c.o
                0x1000042c                runtime_init_per_core_irq_priorities
 .text.irq_set_enabled
                0x10000450       0x24 CMakeFiles/blink.dir/opt/pico-sdk/src/rp2_common/hardware_irq/irq.c.o
                0x10000450                irq_set_enabled
 .text.irq_set_exclusive_handler
                0x10000474       0x54 CMakeFiles/blink.dir/opt/pico-sdk/src/rp2_common/hardware_irq/irq.c.o
                0x10000474                irq_set_exclusive_handler
 .text.lock_init
                0x100004c8       0x10 CMakeFiles/blink.dir/opt/pico-sdk/src/common/pico_sync/lock_core.c.o
                0x100004c8                lock_init
 .text.runtime_init_mutex
                0x100004d8       0x58 CMakeFiles/blink.dir/opt/pico-sdk/src/common/pico_sync/mutex.c.o
                0x100004d8                runtime_init_mutex
 .text.sleep_until_callback
                0x10000530       0x30 CMakeFiles/blink.dir/opt/pico-sdk/src/common/pico_time/time.c.o
 .text.alarm_pool_irq_handler
                0x10000560      0x300 CMakeFiles/blink.dir/opt/pico-sdk/src/common/pico_time/time.c.o
 .text.runtime_init_default_alarm_pool
                0x10000860       0xdc CMakeFiles/blink.dir/opt/pico-sdk/src/common/pico_time/time.c.o
                0x10000860                runtime_init_default_alarm_pool
 .text.alarm_pool_add_alarm_at_force_in_context
                0x1000093c       0xb0 CMakeFiles/blink.dir/opt/pico-sdk/src/common/pico_time/time.c.o
                0x1000093c                alarm_pool_add_alarm_at_force_in_context
 .text.alarm_pool_cancel_alarm
                0x100009ec       0x74 CMakeFiles/blink.dir/opt/pico-sdk/src/common/pico_time/time.c.o
                0x100009ec                alarm_pool_cancel_alarm
 .text.sleep_until
                0x10000a60       0xd8 CMakeFiles/blink.dir/opt/pico-sdk/src/common/pico_time/time.c.o
                0x10000a60                sleep_until
 .text.sleep_ms
                0x10000b38       0x38 CMakeFiles/blink.dir/opt/pico-sdk/src/common/pico_time/time.c.o
                0x10000b38                sleep_ms
 .text.best_effort_wfe_or_timeout
                0x10000b70       0xfc CMakeFiles/blink.dir/opt/pico-sdk/src/common/pico_time/time.c.o
                0x10000b70                best_effort_wfe_or_timeout
 .text.timer_hardware_alarm_claim
                0x10000c6c       0x14 CMakeFiles/blink.dir/opt/pico-sdk/src/rp2_common/hardware_timer/timer.c.o
                0x10000c6c                timer_hardware_alarm_claim
 .text.timer_time_us_64
                0x10000c80       0x10 CMakeFiles/blink.dir/opt/pico-sdk/src/rp2_common/hardware_timer/timer.c.o
                0x10000c80                timer_time_us_64
 .text.time_us_64
                0x10000c90       0x14 CMakeFiles/blink.dir/opt/pico-sdk/src/rp2_common/hardware_timer/timer.c.o
                0x10000c90                time_us_64
 .text.busy_wait_until
                0x10000ca4       0x20 CMakeFiles/blink.dir/opt/pico-sdk/src/rp2_common/hardware_timer/timer.c.o
                0x10000ca4                busy_wait_until
 .text.clock_configure_int_divider
                0x10000cc4       0xf4 CMakeFiles/blink.dir/opt/pico-sdk/src/rp2_common/hardware_clocks/clocks.c.o
                0x10000cc4                clock_configure_int_divider
 .text.clock_configure_undivided
                0x10000db8       0xe8 CMakeFiles/blink.dir/opt/pico-sdk/src/rp2_common/hardware_clocks/clocks.c.o
                0x10000db8                clock_configure_undivided
 .text.clock_get_hz
                0x10000ea0        0xc CMakeFiles/blink.dir/opt/pico-sdk/src/rp2_common/hardware_clocks/clocks.c.o
                0x10000ea0                clock_get_hz
 .text.pll_init
                0x10000eac       0xa0 CMakeFiles/blink.dir/opt/pico-sdk/src/rp2_common/hardware_pll/pll.c.o
                0x10000eac                pll_init
 .text.tick_start
                0x10000f4c       0x10 CMakeFiles/blink.dir/opt/pico-sdk/src/rp2_common/hardware_ticks/ticks.c.o
                0x10000f4c                tick_start
 .text.rom_func_lookup
                0x10000f5c       0x10 CMakeFiles/blink.dir/opt/pico-sdk/src/rp2_common/pico_bootrom/bootrom.c.o
                0x10000f5c                rom_func_lookup
 .text.rom_data_lookup
                0x10000f6c       0x10 CMakeFiles/blink.dir/opt/pico-sdk/src/rp2_common/pico_bootrom/bootrom.c.o
                0x10000f6c                rom_data_lookup
 .text.rom_funcs_lookup
                0x10000f7c       0x44 CMakeFiles/blink.dir/opt/pico-sdk/src/rp2_common/pico_bootrom/bootrom.c.o
                0x10000f7c                rom_funcs_lookup
 .text.xosc_init
                0x10000fc0       0x28 CMakeFiles/blink.dir/opt/pico-sdk/src/rp2_common/hardware_xosc/xosc.c.o
                0x10000fc0                xosc_init
 .text.first_per_core_initializer
                0x10000fe8        0x4 CMakeFiles/blink.dir/opt/pico-sdk/src/rp2_common/pico_runtime/runtime.c.o
 .text.hard_assertion_failure
                0x10000fec        0xc CMakeFiles/blink.dir/opt/pico-sdk/src/rp2_common/pico_runtime/runtime.c.o
                0x10000fec                hard_assertion_failure
 .text.runtime_run_initializers
                0x10000ff8       0x28 CMakeFiles/blink.dir/opt/pico-sdk/src/rp2_common/pico_runtime/runtime.c.o
                0x10000ff8                runtime_run_initializers
 .text.runtime_init_early_resets
                0x10001020       0x2c CMakeFiles/blink.dir/opt/pico-sdk/src/rp2_common/pico_runtime_init/runtime_init.c.o
                0x10001020                runtime_init_early_resets
 .text.runtime_init_usb_power_down
                0x1000104c       0x1c CMakeFiles/blink.dir/opt/pico-sdk/src/rp2_common/pico_runtime_init/runtime_init.c.o
                0x1000104c                runtime_init_usb_power_down
 .text.runtime_init_post_clock_resets
                0x10001068       0x20 CMakeFiles/blink.dir/opt/pico-sdk/src/rp2_common/pico_runtime_init/runtime_init.c.o
                0x10001068                runtime_init_post_clock_resets
 .text.runtime_init_rp2040_gpio_ie_disable
                0x10001088       0x14 CMakeFiles/blink.dir/opt/pico-sdk/src/rp2_common/pico_runtime_init/runtime_init.c.o
                0x10001088                runtime_init_rp2040_gpio_ie_disable
 .text.runtime_init_spin_locks_reset
                0x1000109c        0x8 CMakeFiles/blink.dir/opt/pico-sdk/src/rp2_common/pico_runtime_init/runtime_init.c.o
                0x1000109c                runtime_init_spin_locks_reset
 .text.runtime_init_install_ram_vector_table
                0x100010a4       0x1c CMakeFiles/blink.dir/opt/pico-sdk/src/rp2_common/pico_runtime_init/runtime_init.c.o
                0x100010a4                runtime_init_install_ram_vector_table
 .text.runtime_init_clocks
                0x100010c0       0xd8 CMakeFiles/blink.dir/opt/pico-sdk/src/rp2_common/pico_runtime_init/runtime_init_clocks.c.o
                0x100010c0                runtime_init_clocks
 .text          0x10001198       0x10 CMakeFiles/blink.dir/opt/pico-sdk/src/rp2_common/pico_bit_ops/bit_ops_aeabi.S.o
 .text.__wrap___aeabi_uidiv
                0x100011a8       0x4c CMakeFiles/blink.dir/opt/pico-sdk/src/rp2_common/pico_divider/divider_hardware.S.o
                0x100011a8                __wrap___aeabi_uidiv
                0x100011a8                __wrap___aeabi_uidivmod
                0x100011a8                div_u32u32
                0x100011a8                divmod_u32u32
                0x100011b0                divmod_u32u32_unsafe
                0x100011d8                divmod_u32u32_savestate
 .text.__aeabi_double_init
                0x100011f4       0xa4 CMakeFiles/blink.dir/opt/pico-sdk/src/rp2_common/pico_double/double_init_rom_rp2040.c.o
                0x100011f4                __aeabi_double_init
 .text.double_table_shim_on_use_helper
                0x10001298       0x2c CMakeFiles/blink.dir/opt/pico-sdk/src/rp2_common/pico_double/double_v1_rom_shim_rp2040.S.o
                0x10001298                double_table_shim_on_use_helper
 .text.__aeabi_lmul
                0x100012c4       0x32 CMakeFiles/blink.dir/opt/pico-sdk/src/rp2_common/pico_int64_ops/pico_int64_ops_aeabi.S.o
                0x100012c4                __wrap___aeabi_lmul
 *fill*         0x100012f6        0x2 
 .text.__aeabi_float_init
                0x100012f8       0x64 CMakeFiles/blink.dir/opt/pico-sdk/src/rp2_common/pico_float/float_init_rom_rp2040.c.o
                0x100012f8                __aeabi_float_init
 .text.float_table_shim_on_use_helper
                0x1000135c       0x2c CMakeFiles/blink.dir/opt/pico-sdk/src/rp2_common/pico_float/float_v1_rom_shim_rp2040.S.o
                0x1000135c                float_table_shim_on_use_helper
 .text          0x10001388       0x10 CMakeFiles/blink.dir/opt/pico-sdk/src/rp2_common/pico_mem_ops/mem_ops_aeabi.S.o
                0x10001388                __aeabi_mem_init
 .text.memcpy   0x10001398        0xc CMakeFiles/blink.dir/opt/pico-sdk/src/rp2_common/pico_mem_ops/mem_ops_aeabi.S.o
                0x10001398                __wrap___aeabi_memcpy
                0x10001398                __wrap_memcpy
 .text._out_char
                0x100013a4       0x10 CMakeFiles/blink.dir/opt/pico-sdk/src/rp2_common/pico_printf/printf.c.o
 .text.weak_raw_vprintf
                0x100013b4       0x30 CMakeFiles/blink.dir/opt/pico-sdk/src/rp2_common/pico_printf/printf.c.o
                0x100013b4                weak_raw_vprintf
 .text._exit    0x100013e4        0x4 CMakeFiles/blink.dir/opt/pico-sdk/src/rp2_common/pico_clib_interface/newlib_interface.c.o
                0x100013e4                _exit
 .text.exit     0x100013e8        0x8 CMakeFiles/blink.dir/opt/pico-sdk/src/rp2_common/pico_clib_interface/newlib_interface.c.o
                0x100013e8                exit
 .text.runtime_init
                0x100013f0       0x2c CMakeFiles/blink.dir/opt/pico-sdk/src/rp2_common/pico_clib_interface/newlib_interface.c.o
                0x100013f0                runtime_init
 .text.stdio_out_chars_no_crlf
                0x1000141c       0x10 CMakeFiles/blink.dir/opt/pico-sdk/src/rp2_common/pico_stdio/stdio.c.o
 .text.stdio_out_chars_crlf
                0x1000142c       0xbc CMakeFiles/blink.dir/opt/pico-sdk/src/rp2_common/pico_stdio/stdio.c.o
 .text.stdio_put_string
                0x100014e8      0x100 CMakeFiles/blink.dir/opt/pico-sdk/src/rp2_common/pico_stdio/stdio.c.o
                0x100014e8                stdio_put_string
 .text.__wrap_putchar
                0x100015e8       0x98 CMakeFiles/blink.dir/opt/pico-sdk/src/rp2_common/pico_stdio/stdio.c.o
                0x100015e8                stdio_putchar
                0x100015e8                __wrap_putchar
 .text.__wrap_puts
                0x10001680       0x3c CMakeFiles/blink.dir/opt/pico-sdk/src/rp2_common/pico_stdio/stdio.c.o
                0x10001680                __wrap_puts
                0x10001680                stdio_puts
 .text          0x100016bc       0x5c /usr/lib/gcc/arm-none-eabi/12.2.1/../../../arm-none-eabi/lib/thumb/v6-m/nofp/libg.a(lib_a-strlen-stub.o)
                0x100016bc                strlen
 *(.fini)
 .fini          0x10001718        0x4 /usr/lib/gcc/arm-none-eabi/12.2.1/thumb/v6-m/nofp/crti.o
                0x10001718                _fini
 *fill*         0x1000171c        0x4 
 .fini.__stub   0x10001720       0x30 linker stubs
 *crtbegin.o(.ctors)
 *crtbegin?.o(.ctors)
 *(EXCLUDE_FILE(*crtend.o *crtend?.o) .ctors)
 *(SORT_BY_NAME(.ctors.*))
 *(.ctors)
 *crtbegin.o(.dtors)
 *crtbegin?.o(.dtors)
 *(EXCLUDE_FILE(*crtend.o *crtend?.o) .dtors)
 *(SORT_BY_NAME(.dtors.*))
 *(.dtors)
                0x10001750                        . = ALIGN (0x4)
                0x10001750                        PROVIDE (__preinit_array_start = .)
 *(SORT_BY_NAME(.preinit_array.*))
 .preinit_array.00100
                0x10001750        0x4 CMakeFiles/blink.dir/opt/pico-sdk/src/rp2_common/pico_runtime_init/runtime_init.c.o
                0x10001750                __pre_init_runtime_init_early_resets
 .preinit_array.00101
                0x10001754        0x4 CMakeFiles/blink.dir/opt/pico-sdk/src/rp2_common/pico_runtime_init/runtime_init.c.o
                0x10001754                __pre_init_runtime_init_usb_power_down
 .preinit_array.00275
                0x10001758        0x4 CMakeFiles/blink.dir/opt/pico-sdk/src/rp2_common/pico_bit_ops/bit_ops_aeabi.S.o
 .preinit_array.00300
                0x1000175c        0x4 CMakeFiles/blink.dir/opt/pico-sdk/src/rp2_common/pico_mem_ops/mem_ops_aeabi.S.o
 .preinit_array.00350
                0x10001760        0x4 CMakeFiles/blink.dir/opt/pico-sdk/src/rp2_common/pico_double/double_aeabi_rp2040.S.o
 .preinit_array.00350
                0x10001764        0x4 CMakeFiles/blink.dir/opt/pico-sdk/src/rp2_common/pico_float/float_aeabi_rp2040.S.o
 .preinit_array.00500
                0x10001768        0x4 CMakeFiles/blink.dir/opt/pico-sdk/src/rp2_common/pico_runtime_init/runtime_init.c.o
                0x10001768                __pre_init_runtime_init_clocks
 .preinit_array.00600
                0x1000176c        0x4 CMakeFiles/blink.dir/opt/pico-sdk/src/rp2_common/pico_runtime_init/runtime_init.c.o
                0x1000176c                __pre_init_runtime_init_post_clock_resets
 .preinit_array.00700
                0x10001770        0x4 CMakeFiles/blink.dir/opt/pico-sdk/src/rp2_common/pico_runtime_init/runtime_init.c.o
                0x10001770                __pre_init_runtime_init_rp2040_gpio_ie_disable
 .preinit_array.01000
                0x10001774        0x4 CMakeFiles/blink.dir/opt/pico-sdk/src/rp2_common/pico_runtime_init/runtime_init.c.o
                0x10001774                __pre_init_runtime_init_spin_locks_reset
 .preinit_array.01100
                0x10001778        0x4 CMakeFiles/blink.dir/opt/pico-sdk/src/common/pico_sync/mutex.c.o
                0x10001778                __pre_init_runtime_init_mutex
 .preinit_array.10080
                0x1000177c        0x4 CMakeFiles/blink.dir/opt/pico-sdk/src/rp2_common/pico_runtime_init/runtime_init.c.o
                0x1000177c                __pre_init_runtime_init_install_ram_vector_table
 .preinit_array.11000
                0x10001780        0x4 CMakeFiles/blink.dir/opt/pico-sdk/src/common/pico_time/time.c.o
                0x10001780                __pre_init_runtime_init_default_alarm_pool
 .preinit_array.YYYYY
                0x10001784        0x4 CMakeFiles/blink.dir/opt/pico-sdk/src/rp2_common/pico_runtime/runtime.c.o
                0x10001784                __pre_init_first_per_core_initializer
 .preinit_array.ZZZZZ.01200
                0x10001788        0x4 CMakeFiles/blink.dir/opt/pico-sdk/src/rp2_common/hardware_irq/irq.c.o
                0x10001788                __pre_init_runtime_init_per_core_irq_priorities
 *(.preinit_array)
                0x1000178c                        PROVIDE (__preinit_array_end = .)
                0x1000178c                        . = ALIGN (0x4)
                0x1000178c                        PROVIDE (__init_array_start = .)
 *(SORT_BY_NAME(.init_array.*))
 *(.init_array)
 .init_array    0x1000178c        0x4 /usr/lib/gcc/arm-none-eabi/12.2.1/thumb/v6-m/nofp/crtbegin.o
                0x10001790                        PROVIDE (__init_array_end = .)
                0x10001790                        . = ALIGN (0x4)
                0x10001790                        PROVIDE (__fini_array_start = .)
 *(SORT_BY_NAME(.fini_array.*))
 *(.fini_array)
                0x10001790                        PROVIDE (__fini_array_end = .)
 *(.eh_frame*)
 .eh_frame      0x10001790        0x0 /usr/lib/gcc/arm-none-eabi/12.2.1/thumb/v6-m/nofp/crtbegin.o
                0x10001790                        . = ALIGN (0x4)

.glue_7         0x10001790        0x0
 .glue_7        0x10001790        0x0 linker stubs

.glue_7t        0x10001790        0x0
 .glue_7t       0x10001790        0x0 linker stubs

.vfp11_veneer   0x10001790        0x0
 .vfp11_veneer  0x10001790        0x0 linker stubs

.v4_bx          0x10001790        0x0
 .v4_bx         0x10001790        0x0 linker stubs

.iplt           0x10001790        0x0
 .iplt          0x10001790        0x0 /usr/lib/gcc/arm-none-eabi/12.2.1/thumb/v6-m/nofp/crtbegin.o

.rodata         0x10001790       0xd8
 *(EXCLUDE_FILE(*libm.a: *libc.a:*lib_a-mem*.o *libgcc.a:) .rodata*)
 .rodata.panic.str1.4
                0x10001790       0x12 CMakeFiles/blink.dir/opt/pico-sdk/src/rp2_common/pico_platform_panic/panic.c.o
 *fill*         0x100017a2        0x2 
 .rodata.timer_hardware_alarm_claim.str1.4
                0x100017a4       0x22 CMakeFiles/blink.dir/opt/pico-sdk/src/rp2_common/hardware_timer/timer.c.o
 *fill*         0x100017c6        0x2 
 .rodata.hard_assertion_failure.str1.4
                0x100017c8        0xc CMakeFiles/blink.dir/opt/pico-sdk/src/rp2_common/pico_runtime/runtime.c.o
 .rodata.str1.4
                0x100017d4       0x3c CMakeFiles/blink.dir/opt/pico-sdk/src/rp2_common/pico_standard_binary_info/standard_binary_info.c.o
 .rodata.__bi_84
                0x10001810        0xc CMakeFiles/blink.dir/opt/pico-sdk/src/rp2_common/pico_standard_binary_info/standard_binary_info.c.o
 .rodata.__bi_78
                0x1000181c        0xc CMakeFiles/blink.dir/opt/pico-sdk/src/rp2_common/pico_standard_binary_info/standard_binary_info.c.o
 .rodata.__bi_54
                0x10001828        0xc CMakeFiles/blink.dir/opt/pico-sdk/src/rp2_common/pico_standard_binary_info/standard_binary_info.c.o
 .rodata.__bi_48
                0x10001834        0xc CMakeFiles/blink.dir/opt/pico-sdk/src/rp2_common/pico_standard_binary_info/standard_binary_info.c.o
 .rodata.__bi_42
                0x10001840        0xc CMakeFiles/blink.dir/opt/pico-sdk/src/rp2_common/pico_standard_binary_info/standard_binary_info.c.o
 .rodata.__bi_34
                0x1000184c        0xc CMakeFiles/blink.dir/opt/pico-sdk/src/rp2_common/pico_standard_binary_info/standard_binary_info.c.o
 .rodata.__bi_26
                0x10001858        0xc CMakeFiles/blink.dir/opt/pico-sdk/src/rp2_common/pico_standard_binary_info/standard_binary_info.c.o
 .rodata.crlf_str.0
                0x10001864        0x2 CMakeFiles/blink.dir/opt/pico-sdk/src/rp2_common/pico_stdio/stdio.c.o
                0x10001868                        . = ALIGN (0x4)
 *fill*         0x10001866        0x2 
 *(SORT_BY_ALIGNMENT(SORT_BY_NAME(.flashdata*)))
                0x10001868                        . = ALIGN (0x4)

.ARM.extab
 *(.ARM.extab* .gnu.linkonce.armextab.*)
                0x10001868                        __exidx_start = .

.ARM.exidx
 *(.ARM.exidx* .gnu.linkonce.armexidx.*)
                0x10001868                        __exidx_end = .
                0x10001868                        . = ALIGN (0x4)
                0x10001868                        __binary_info_start = .

.binary_info    0x10001868       0x1c
 *(.binary_info.keep.*)
 .binary_info.keep.__bi_ptr84
                0x10001868        0x4 CMakeFiles/blink.dir/opt/pico-sdk/src/rp2_common/pico_standard_binary_info/standard_binary_info.c.o
 .binary_info.keep.__bi_ptr78
                0x1000186c        0x4 CMakeFiles/blink.dir/opt/pico-sdk/src/rp2_common/pico_standard_binary_info/standard_binary_info.c.o
 .binary_info.keep.__bi_ptr54
                0x10001870        0x4 CMakeFiles/blink.dir/opt/pico-sdk/src/rp2_common/pico_standard_binary_info/standard_binary_info.c.o
 .binary_info.keep.__bi_ptr48
                0x10001874        0x4 CMakeFiles/blink.dir/opt/pico-sdk/src/rp2_common/pico_standard_binary_info/standard_binary_info.c.o
 .binary_info.keep.__bi_ptr42
                0x10001878        0x4 CMakeFiles/blink.dir/opt/pico-sdk/src/rp2_common/pico_standard_binary_info/standard_binary_info.c.o
 .binary_info.keep.__bi_ptr34
                0x1000187c        0x4 CMakeFiles/blink.dir/opt/pico-sdk/src/rp2_common/pico_standard_binary_info/standard_binary_info.c.o
 .binary_info.keep.__bi_ptr26
                0x10001880        0x4 CMakeFiles/blink.dir/opt/pico-sdk/src/rp2_common/pico_standard_binary_info/standard_binary_info.c.o
 *(.binary_info.*)
                0x10001884                        __binary_info_end = .

.rel.dyn        0x10001884        0x0
 .rel.iplt      0x10001884        0x0 /usr/lib/gcc/arm-none-eabi/12.2.1/thumb/v6-m/nofp/crtbegin.o
                0x10001884                        . = ALIGN (0x4)

.ram_vector_table
                0x20000000       0xc0
 *(.ram_vector_table)
 .ram_vector_table
                0x20000000       0xc0 CMakeFiles/blink.dir/opt/pico-sdk/src/rp2_common/pico_runtime_init/runtime_init.c.o
                0x20000000                ram_vector_table

.uninitialized_data
                0x200000c0        0x0
                0x200000c0                        . = ALIGN (0x4)
 *(.uninitialized_data*)

.data           0x200000c0      0x128 load address 0x10001884
                0x200000c0                        __data_start__ = .
 *(vtable)
 *(.time_critical*)
 .time_critical.mutex_try_enter_block_until
                0x200000c0       0x9c CMakeFiles/blink.dir/opt/pico-sdk/src/common/pico_sync/mutex.c.o
                0x200000c0                mutex_try_enter_block_until
 .time_critical.mutex_exit
                0x2000015c       0x28 CMakeFiles/blink.dir/opt/pico-sdk/src/common/pico_sync/mutex.c.o
                0x2000015c                mutex_exit
 *(.text*)
 .text          0x20000184        0x4 /usr/lib/gcc/arm-none-eabi/12.2.1/thumb/v6-m/nofp/libgcc.a(_dvmd_tls.o)
                0x20000184                __aeabi_ldiv0
                0x20000184                __aeabi_idiv0
 .text.__stub   0x20000188       0x10 linker stubs
                0x20000198                        . = ALIGN (0x4)
 *(.rodata*)
                0x20000198                        . = ALIGN (0x4)
 *(.data*)
 .data.striped_spin_lock_num
                0x20000198        0x1 CMakeFiles/blink.dir/opt/pico-sdk/src/rp2_common/hardware_sync/sync.c.o
 *fill*         0x20000199        0x3 
 .data.default_alarm_pool
                0x2000019c       0x18 CMakeFiles/blink.dir/opt/pico-sdk/src/common/pico_time/time.c.o
 *fill*         0x200001b4        0xc 
 .data.aeabi_bits_funcs
                0x200001c0       0x10 CMakeFiles/blink.dir/opt/pico-sdk/src/rp2_common/pico_bit_ops/bit_ops_aeabi.S.o
                0x200001c0                aeabi_bits_funcs
                0x200001d0                aeabi_bits_funcs_end
 .data.aeabi_mem_funcs
                0x200001d0       0x10 CMakeFiles/blink.dir/opt/pico-sdk/src/rp2_common/pico_mem_ops/mem_ops_aeabi.S.o
                0x200001d0                aeabi_mem_funcs
                0x200001e0                aeabi_mem_funcs_end
                0x200001e0                        . = ALIGN (0x4)
 *(.after_data.*)
                0x200001e0                        . = ALIGN (0x4)
                0x200001e0                        PROVIDE (__mutex_array_start = .)
 *(SORT_BY_NAME(.mutex_array.*))
 *(.mutex_array)
 .mutex_array   0x200001e0        0x8 CMakeFiles/blink.dir/opt/pico-sdk/src/rp2_common/pico_stdio/stdio.c.o
                0x200001e8                        PROVIDE (__mutex_array_end = .)
                0x200001e8                        . = ALIGN (0x4)
 *(.jcr)
                0x200001e8                        . = ALIGN (0x4)

.tm_clone_table
                0x200001e8        0x0 load address 0x100019ac
 .tm_clone_table
                0x200001e8        0x0 /usr/lib/gcc/arm-none-eabi/12.2.1/thumb/v6-m/nofp/crtbegin.o
 .tm_clone_table
                0x200001e8        0x0 /usr/lib/gcc/arm-none-eabi/12.2.1/thumb/v6-m/nofp/crtend.o

.igot.plt       0x200001e8        0x0 load address 0x100019ac
 .igot.plt      0x200001e8        0x0 /usr/lib/gcc/arm-none-eabi/12.2.1/thumb/v6-m/nofp/crtbegin.o

.tdata          0x200001e8        0x0 load address 0x100019ac
                0x200001e8                        . = ALIGN (0x4)
 *(.tdata .tdata.* .gnu.linkonce.td.*)
                0x200001e8                        __tdata_end = .
                0x200001e8                        PROVIDE (__data_end__ = .)
                0x10001884                        __etext = LOADADDR (.data)

.tbss           0x200001e8        0x0 load address 0x100019ac
                0x200001e8                        . = ALIGN (0x4)
                0x200001e8                        __bss_start__ = .
                0x200001e8                        __tls_base = .
 *(.tbss .tbss.* .gnu.linkonce.tb.*)
 *(.tcommon)
                0x200001e8                        __tls_end = .

.bss            0x200001e8      0x3ec load address 0x100019ac
                0x200001e8                        . = ALIGN (0x4)
                0x200001e8                        __tbss_end = .
 *(SORT_BY_ALIGNMENT(SORT_BY_NAME(.bss*)))
 .bss.default_alarm_pool_entries
                0x200001e8      0x180 CMakeFiles/blink.dir/opt/pico-sdk/src/common/pico_time/time.c.o
 .bss.sd_table  0x20000368      0x100 CMakeFiles/blink.dir/opt/pico-sdk/src/rp2_common/pico_double/double_init_rom_rp2040.c.o
                0x20000368                sd_table
 .bss.sf_table  0x20000468      0x100 CMakeFiles/blink.dir/opt/pico-sdk/src/rp2_common/pico_float/float_init_rom_rp2040.c.o
                0x20000468                sf_table
 .bss           0x20000568       0x1c /usr/lib/gcc/arm-none-eabi/12.2.1/thumb/v6-m/nofp/crtbegin.o
 .bss.claimed   0x20000584        0x1 CMakeFiles/blink.dir/opt/pico-sdk/src/rp2_common/hardware_timer/timer.c.o
 *fill*         0x20000585        0x3 
 .bss.configured_freq
                0x20000588       0x28 CMakeFiles/blink.dir/opt/pico-sdk/src/rp2_common/hardware_clocks/clocks.c.o
 .bss.drivers   0x200005b0        0x4 CMakeFiles/blink.dir/opt/pico-sdk/src/rp2_common/pico_stdio/stdio.c.o
 .bss.filter    0x200005b4        0x4 CMakeFiles/blink.dir/opt/pico-sdk/src/rp2_common/pico_stdio/stdio.c.o
 .bss.lazy_vsnprintf
                0x200005b8        0x4 CMakeFiles/blink.dir/opt/pico-sdk/src/rp2_common/pico_printf/printf.c.o
 .bss.pools     0x200005bc       0x10 CMakeFiles/blink.dir/opt/pico-sdk/src/common/pico_time/time.c.o
 .bss.sf_clz_func
                0x200005cc        0x4 CMakeFiles/blink.dir/opt/pico-sdk/src/rp2_common/pico_double/double_init_rom_rp2040.c.o
                0x200005cc                sf_clz_func
 .bss.sleep_notifier
                0x200005d0        0x4 CMakeFiles/blink.dir/opt/pico-sdk/src/common/pico_time/time.c.o
 *(COMMON)
                0x200005d4                        . = ALIGN (0x4)
                0x200005d4                        __bss_end__ = .

.heap           0x200005d4      0x800 load address 0x100019ac
                0x200005d4                        __end__ = .
                0x200005d4                        end = __end__
 *(.heap*)
 .heap          0x200005d4      0x800 CMakeFiles/blink.dir/opt/pico-sdk/src/rp2_common/pico_crt0/crt0.S.o
                0x20040000                        __HeapLimit = (ORIGIN (RAM) + LENGTH (RAM))

.scratch_x      0x20040000        0x0 load address 0x100019ac
                0x20040000                        __scratch_x_start__ = .
 *(.scratch_x.*)
                0x20040000                        . = ALIGN (0x4)
                0x20040000                        __scratch_x_end__ = .
                0x100019ac                        __scratch_x_source__ = LOADADDR (.scratch_x)

.scratch_y      0x20041000        0x0 load address 0x100019ac
                0x20041000                        __scratch_y_start__ = .
 *(.scratch_y.*)
                0x20041000                        . = ALIGN (0x4)
                0x20041000                        __scratch_y_end__ = .
                0x100019ac                        __scratch_y_source__ = LOADADDR (.scratch_y)

.stack1_dummy
 *(.stack1*)

.stack_dummy    0x20041000      0x800
 *(.stack*)
 .stack         0x20041000      0x800 CMakeFiles/blink.dir/opt/pico-sdk/src/rp2_common/pico_crt0/crt0.S.o

.flash_end      0x100019ac        0x0
 *(.embedded_end_block*)
                0x100019ac                        PROVIDE (__flash_binary_end = .)
                0x20040000                        __StackLimit = (ORIGIN (RAM) + LENGTH (RAM))
                0x20041000                        __StackOneTop = (ORIGIN (SCRATCH_X) + LENGTH (SCRATCH_X))
                0x20042000                        __StackTop = (ORIGIN (SCRATCH_Y) + LENGTH (SCRATCH_Y))
                0x20041000                        __StackOneBottom = (__StackOneTop - SIZEOF (.stack1_dummy))
                0x20041800                        __StackBottom = (__StackTop - SIZEOF (.stack_dummy))
                0x20042000                        PROVIDE (__stack = __StackTop)
                [!provide]                        PROVIDE (__heap_start = __end__)
                [!provide]                        PROVIDE (__heap_end = __HeapLimit)
                [!provide]                        PROVIDE (__tls_align = MAX (ALIGNOF (.tdata), ALIGNOF (.tbss)))
                [!provide]                        PROVIDE (__tls_size_align = (((__tls_size + __tls_align) - 0x1) & ~ ((__tls_align - 0x1))))
                [!provide]                        PROVIDE (__arm32_tls_tcb_offset = MAX (0x8, __tls_align))
                [!provide]                        PROVIDE (_end = __end__)
                [!provide]                        PROVIDE (__llvm_libc_heap_limit = __HeapLimit)
                0x00000001                        ASSERT ((__StackLimit >= __HeapLimit), region RAM overflowed)
                0x00000001                        ASSERT (((__binary_info_header_end - __logical_binary_start) <= 0x100), Binary info must be in first 256 bytes of the binary)
LOAD CMakeFiles/blink.dir/main.c.o
LOAD CMakeFiles/blink.dir/opt/pico-sdk/src/rp2_common/pico_stdlib/stdlib.c.o
LOAD CMakeFiles/blink.dir/opt/pico-sdk/src/rp2_common/hardware_gpio/gpio.c.o
LOAD CMakeFiles/blink.dir/opt/pico-sdk/src/rp2040/pico_platform/platform.c.o
LOAD CMakeFiles/blink.dir/opt/pico-sdk/src/rp2_common/pico_platform_panic/panic.c.o
LOAD CMakeFiles/blink.dir/opt/pico-sdk/src/common/hardware_claim/claim.c.o
LOAD CMakeFiles/blink.dir/opt/pico-sdk/src/rp2_common/hardware_sync/sync.c.o
LOAD CMakeFiles/blink.dir/opt/pico-sdk/src/rp2_common/hardware_sync_spin_lock/sync_spin_lock.c.o
LOAD CMakeFiles/blink.dir/opt/pico-sdk/src/rp2_common/hardware_irq/irq.c.o
LOAD CMakeFiles/blink.dir/opt/pico-sdk/src/rp2_common/hardware_irq/irq_handler_chain.S.o
LOAD CMakeFiles/blink.dir/opt/pico-sdk/src/common/pico_sync/sem.c.o
LOAD CMakeFiles/blink.dir/opt/pico-sdk/src/common/pico_sync/lock_core.c.o
LOAD CMakeFiles/blink.dir/opt/pico-sdk/src/common/pico_sync/mutex.c.o
LOAD CMakeFiles/blink.dir/opt/pico-sdk/src/common/pico_sync/critical_section.c.o
LOAD CMakeFiles/blink.dir/opt/pico-sdk/src/common/pico_time/time.c.o
LOAD CMakeFiles/blink.dir/opt/pico-sdk/src/common/pico_time/timeout_helper.c.o
LOAD CMakeFiles/blink.dir/opt/pico-sdk/src/rp2_common/hardware_timer/timer.c.o
LOAD CMakeFiles/blink.dir/opt/pico-sdk/src/common/pico_util/datetime.c.o
LOAD CMakeFiles/blink.dir/opt/pico-sdk/src/common/pico_util/pheap.c.o
LOAD CMakeFiles/blink.dir/opt/pico-sdk/src/common/pico_util/queue.c.o
LOAD CMakeFiles/blink.dir/opt/pico-sdk/src/rp2_common/hardware_uart/uart.c.o
LOAD CMakeFiles/blink.dir/opt/pico-sdk/src/rp2_common/hardware_clocks/clocks.c.o
LOAD CMakeFiles/blink.dir/opt/pico-sdk/src/rp2_common/hardware_pll/pll.c.o
LOAD CMakeFiles/blink.dir/opt/pico-sdk/src/rp2_common/hardware_vreg/vreg.c.o
LOAD CMakeFiles/blink.dir/opt/pico-sdk/src/rp2_common/hardware_watchdog/watchdog.c.o
LOAD CMakeFiles/blink.dir/opt/pico-sdk/src/rp2_common/hardware_ticks/ticks.c.o
LOAD CMakeFiles/blink.dir/opt/pico-sdk/src/rp2_common/pico_bootrom/bootrom.c.o
LOAD CMakeFiles/blink.dir/opt/pico-sdk/src/rp2_common/pico_bootrom/bootrom_lock.c.o
LOAD CMakeFiles/blink.dir/opt/pico-sdk/src/rp2_common/hardware_boot_lock/boot_lock.c.o
LOAD CMakeFiles/blink.dir/opt/pico-sdk/src/rp2_common/pico_flash/flash.c.o
LOAD CMakeFiles/blink.dir/opt/pico-sdk/src/rp2_common/hardware_xosc/xosc.c.o
LOAD CMakeFiles/blink.dir/opt/pico-sdk/src/rp2_common/hardware_divider/divider.S.o
LOAD CMakeFiles/blink.dir/opt/pico-sdk/src/rp2_common/pico_runtime/runtime.c.o
LOAD CMakeFiles/blink.dir/opt/pico-sdk/src/rp2_common/pico_runtime_init/runtime_init.c.o
LOAD CMakeFiles/blink.dir/opt/pico-sdk/src/rp2_common/pico_runtime_init/runtime_init_clocks.c.o
LOAD CMakeFiles/blink.dir/opt/pico-sdk/src/rp2_common/pico_runtime_init/runtime_init_stack_guard.c.o
LOAD CMakeFiles/blink.dir/opt/pico-sdk/src/rp2_common/pico_bit_ops/bit_ops_aeabi.S.o
LOAD CMakeFiles/blink.dir/opt/pico-sdk/src/rp2_common/pico_divider/divider_hardware.S.o
LOAD CMakeFiles/blink.dir/opt/pico-sdk/src/rp2_common/pico_double/double_aeabi_rp2040.S.o
LOAD CMakeFiles/blink.dir/opt/pico-sdk/src/rp2_common/pico_double/double_init_rom_rp2040.c.o
LOAD CMakeFiles/blink.dir/opt/pico-sdk/src/rp2_common/pico_double/double_math.c.o
LOAD CMakeFiles/blink.dir/opt/pico-sdk/src/rp2_common/pico_double/double_v1_rom_shim_rp2040.S.o
LOAD CMakeFiles/blink.dir/opt/pico-sdk/src/rp2_common/pico_int64_ops/pico_int64_ops_aeabi.S.o
LOAD CMakeFiles/blink.dir/opt/pico-sdk/src/rp2_common/pico_float/float_aeabi_rp2040.S.o
LOAD CMakeFiles/blink.dir/opt/pico-sdk/src/rp2_common/pico_float/float_init_rom_rp2040.c.o
LOAD CMakeFiles/blink.dir/opt/pico-sdk/src/rp2_common/pico_float/float_math.c.o
LOAD CMakeFiles/blink.dir/opt/pico-sdk/src/rp2_common/pico_float/float_v1_rom_shim_rp2040.S.o
LOAD CMakeFiles/blink.dir/opt/pico-sdk/src/rp2_common/pico_malloc/malloc.c.o
LOAD CMakeFiles/blink.dir/opt/pico-sdk/src/rp2_common/pico_mem_ops/mem_ops_aeabi.S.o
LOAD CMakeFiles/blink.dir/opt/pico-sdk/src/rp2_common/pico_atomic/atomic.c.o
LOAD CMakeFiles/blink.dir/opt/pico-sdk/src/rp2_common/pico_cxx_options/new_delete.cpp.o
LOAD CMakeFiles/blink.dir/opt/pico-sdk/src/rp2_common/pico_standard_binary_info/standard_binary_info.c.o
LOAD CMakeFiles/blink.dir/opt/pico-sdk/src/rp2_common/pico_printf/printf.c.o
LOAD CMakeFiles/blink.dir/opt/pico-sdk/src/rp2_common/pico_crt0/crt0.S.o
LOAD CMakeFiles/blink.dir/opt/pico-sdk/src/rp2_common/pico_clib_interface/newlib_interface.c.o
LOAD CMakeFiles/blink.dir/opt/pico-sdk/src/rp2_common/pico_stdio/stdio.c.o
LOAD CMakeFiles/blink.dir/opt/pico-sdk/src/rp2_common/pico_stdio_uart/stdio_uart.c.o
LOAD ../pico-sdk/src/rp2040/boot_stage2/CMakeFiles/bs2_default_library.dir/bs2_default_padded_checksummed.S.o
LOAD /usr/lib/gcc/arm-none-eabi/12.2.1/../../../arm-none-eabi/lib/thumb/v6-m/nofp/libstdc++.a
LOAD /usr/lib/gcc/arm-none-eabi/12.2.1/../../../arm-none-eabi/lib/thumb/v6-m/nofp/libm.a
START GROUP
LOAD /usr/lib/gcc/arm-none-eabi/12.2.1/thumb/v6-m/nofp/libgcc.a
LOAD /usr/lib/gcc/arm-none-eabi/12.2.1/../../../arm-none-eabi/lib/thumb/v6-m/nofp/libg.a
LOAD /usr/lib/gcc/arm-none-eabi/12.2.1/../../../arm-none-eabi/lib/thumb/v6-m/nofp/libc.a
END GROUP
START GROUP
LOAD /usr/lib/gcc/arm-none-eabi/12.2.1/thumb/v6-m/nofp/libgcc.a
LOAD /usr/lib/gcc/arm-none-eabi/12.2.1/../../../arm-none-eabi/lib/thumb/v6-m/nofp/libc.a
LOAD /usr/lib/gcc/arm-none-eabi/12.2.1/../../../arm-none-eabi/lib/thumb/v6-m/nofp/libnosys.a
END GROUP
LOAD /usr/lib/gcc/arm-none-eabi/12.2.1/thumb/v6-m/nofp/crtend.o
LOAD /usr/lib/gcc/arm-none-eabi/12.2.1/thumb/v6-m/nofp/crtn.o
OUTPUT(/home/dev/ws/pico-firmware/bin/blink.elf elf32-littlearm)
LOAD linker stubs

.ARM.attributes
                0x00000000       0x28
 .ARM.attributes
                0x00000000       0x1e /usr/lib/gcc/arm-none-eabi/12.2.1/thumb/v6-m/nofp/crti.o
 .ARM.attributes
                0x0000001e       0x2c /usr/lib/gcc/arm-none-eabi/12.2.1/thumb/v6-m/nofp/crtbegin.o
 .ARM.attributes
                0x0000004a       0x2c CMakeFiles/blink.dir/main.c.o
 .ARM.attributes
                0x00000076       0x2c CMakeFiles/blink.dir/opt/pico-sdk/src/rp2_common/hardware_gpio/gpio.c.o
 .ARM.attributes
                0x000000a2       0x2c CMakeFiles/blink.dir/opt/pico-sdk/src/rp2_common/pico_platform_panic/panic.c.o
 .ARM.attributes
                0x000000ce       0x2c CMakeFiles/blink.dir/opt/pico-sdk/src/common/hardware_claim/claim.c.o
 .ARM.attributes
                0x000000fa       0x2c CMakeFiles/blink.dir/opt/pico-sdk/src/rp2_common/hardware_sync/sync.c.o
 .ARM.attributes
                0x00000126       0x2c CMakeFiles/blink.dir/opt/pico-sdk/src/rp2_common/hardware_sync_spin_lock/sync_spin_lock.c.o
 .ARM.attributes
                0x00000152       0x2c CMakeFiles/blink.dir/opt/pico-sdk/src/rp2_common/hardware_irq/irq.c.o
 .ARM.attributes
                0x0000017e       0x2c CMakeFiles/blink.dir/opt/pico-sdk/src/common/pico_sync/lock_core.c.o
 .ARM.attributes
                0x000001aa       0x2c CMakeFiles/blink.dir/opt/pico-sdk/src/common/pico_sync/mutex.c.o
 .ARM.attributes
                0x000001d6       0x2c CMakeFiles/blink.dir/opt/pico-sdk/src/common/pico_time/time.c.o
 .ARM.attributes
                0x00000202       0x2c CMakeFiles/blink.dir/opt/pico-sdk/src/rp2_common/hardware_timer/timer.c.o
 .ARM.attributes
                0x0000022e       0x2c CMakeFiles/blink.dir/opt/pico-sdk/src/rp2_common/hardware_clocks/clocks.c.o
 .ARM.attributes
                0x0000025a       0x2c CMakeFiles/blink.dir/opt/pico-sdk/src/rp2_common/hardware_pll/pll.c.o
 .ARM.attributes
                0x00000286       0x2c CMakeFiles/blink.dir/opt/pico-sdk/src/rp2_common/hardware_ticks/ticks.c.o
 .ARM.attributes
                0x000002b2       0x2c CMakeFiles/blink.dir/opt/pico-sdk/src/rp2_common/pico_bootrom/bootrom.c.o
 .ARM.attributes
                0x000002de       0x2c CMakeFiles/blink.dir/opt/pico-sdk/src/rp2_common/hardware_xosc/xosc.c.o
 .ARM.attributes
                0x0000030a       0x2c CMakeFiles/blink.dir/opt/pico-sdk/src/rp2_common/pico_runtime/runtime.c.o
 .ARM.attributes
                0x00000336       0x2c CMakeFiles/blink.dir/opt/pico-sdk/src/rp2_common/pico_runtime_init/runtime_init.c.o
 .ARM.attributes
                0x00000362       0x2c CMakeFiles/blink.dir/opt/pico-sdk/src/rp2_common/pico_runtime_init/runtime_init_clocks.c.o
 .ARM.attributes
                0x0000038e       0x22 CMakeFiles/blink.dir/opt/pico-sdk/src/rp2_common/pico_bit_ops/bit_ops_aeabi.S.o
 .ARM.attributes
                0x000003b0       0x22 CMakeFiles/blink.dir/opt/pico-sdk/src/rp2_common/pico_divider/divider_hardware.S.o
 .ARM.attributes
                0x000003d2       0x22 CMakeFiles/blink.dir/opt/pico-sdk/src/rp2_common/pico_double/double_aeabi_rp2040.S.o
 .ARM.attributes
                0x000003f4       0x2c CMakeFiles/blink.dir/opt/pico-sdk/src/rp2_common/pico_double/double_init_rom_rp2040.c.o
 .ARM.attributes
                0x00000420       0x22 CMakeFiles/blink.dir/opt/pico-sdk/src/rp2_common/pico_double/double_v1_rom_shim_rp2040.S.o
 .ARM.attributes
                0x00000442       0x22 CMakeFiles/blink.dir/opt/pico-sdk/src/rp2_common/pico_int64_ops/pico_int64_ops_aeabi.S.o
 .ARM.attributes
                0x00000464       0x22 CMakeFiles/blink.dir/opt/pico-sdk/src/rp2_common/pico_float/float_aeabi_rp2040.S.o
 .ARM.attributes
                0x00000486       0x2c CMakeFiles/blink.dir/opt/pico-sdk/src/rp2_common/pico_float/float_init_rom_rp2040.c.o
 .ARM.attributes
                0x000004b2       0x22 CMakeFiles/blink.dir/opt/pico-sdk/src/rp2_common/pico_float/float_v1_rom_shim_rp2040.S.o
 .ARM.attributes
                0x000004d4       0x22 CMakeFiles/blink.dir/opt/pico-sdk/src/rp2_common/pico_mem_ops/mem_ops_aeabi.S.o
 .ARM.attributes
                0x000004f6       0x2c CMakeFiles/blink.dir/opt/pico-sdk/src/rp2_common/pico_standard_binary_info/standard_binary_info.c.o
 .ARM.attributes
                0x00000522       0x2c CMakeFiles/blink.dir/opt/pico-sdk/src/rp2_common/pico_printf/printf.c.o
 .ARM.attributes
                0x0000054e       0x22 CMakeFiles/blink.dir/opt/pico-sdk/src/rp2_common/pico_crt0/crt0.S.o
 .ARM.attributes
                0x00000570       0x2c CMakeFiles/blink.dir/opt/pico-sdk/src/rp2_common/pico_clib_interface/newlib_interface.c.o
 .ARM.attributes
                0x0000059c       0x2c CMakeFiles/blink.dir/opt/pico-sdk/src/rp2_common/pico_stdio/stdio.c.o
 .ARM.attributes
                0x000005c8       0x22 ../pico-sdk/src/rp2040/boot_stage2/CMakeFiles/bs2_default_library.dir/bs2_default_padded_checksummed.S.o
 .ARM.attributes
                0x000005ea       0x1e /usr/lib/gcc/arm-none-eabi/12.2.1/thumb/v6-m/nofp/libgcc.a(_dvmd_tls.o)
 .ARM.attributes
                0x00000608       0x2c /usr/lib/gcc/arm-none-eabi/12.2.1/../../../arm-none-eabi/lib/thumb/v6-m/nofp/libg.a(lib_a-strlen-stub.o)
 .ARM.attributes
                0x00000634       0x2c /usr/lib/gcc/arm-none-eabi/12.2.1/thumb/v6-m/nofp/crtend.o

.comment        0x00000000       0x26
 .comment       0x00000000       0x26 /usr/lib/gcc/arm-none-eabi/12.2.1/thumb/v6-m/nofp/crtbegin.o
                                 0x27 (size before relaxing)
 .comment       0x00000026       0x27 CMakeFiles/blink.dir/main.c.o
 .comment       0x00000026       0x27 CMakeFiles/blink.dir/opt/pico-sdk/src/rp2_common/hardware_gpio/gpio.c.o
 .comment       0x00000026       0x27 CMakeFiles/blink.dir/opt/pico-sdk/src/rp2_common/pico_platform_panic/panic.c.o
 .comment       0x00000026       0x27 CMakeFiles/blink.dir/opt/pico-sdk/src/common/hardware_claim/claim.c.o
 .comment       0x00000026       0x27 CMakeFiles/blink.dir/opt/pico-sdk/src/rp2_common/hardware_sync/sync.c.o
 .comment       0x00000026       0x27 CMakeFiles/blink.dir/opt/pico-sdk/src/rp2_common/hardware_sync_spin_lock/sync_spin_lock.c.o
 .comment       0x00000026       0x27 CMakeFiles/blink.dir/opt/pico-sdk/src/rp2_common/hardware_irq/irq.c.o
 .comment       0x00000026       0x27 CMakeFiles/blink.dir/opt/pico-sdk/src/common/pico_sync/lock_core.c.o
 .comment       0x00000026       0x27 CMakeFiles/blink.dir/opt/pico-sdk/src/common/pico_sync/mutex.c.o
 .comment       0x00000026       0x27 CMakeFiles/blink.dir/opt/pico-sdk/src/common/pico_time/time.c.o
 .comment       0x00000026       0x27 CMakeFiles/blink.dir/opt/pico-sdk/src/rp2_common/hardware_timer/timer.c.o
 .comment       0x00000026       0x27 CMakeFiles/blink.dir/opt/pico-sdk/src/rp2_common/hardware_clocks/clocks.c.o
 .comment       0x00000026       0x27 CMakeFiles/blink.dir/opt/pico-sdk/src/rp2_common/hardware_pll/pll.c.o
 .comment       0x00000026       0x27 CMakeFiles/blink.dir/opt/pico-sdk/src/rp2_common/hardware_ticks/ticks.c.o
 .comment       0x00000026       0x27 CMakeFiles/blink.dir/opt/pico-sdk/src/rp2_common/pico_bootrom/bootrom.c.o
 .comment       0x00000026       0x27 CMakeFiles/blink.dir/opt/pico-sdk/src/rp2_common/hardware_xosc/xosc.c.o
 .comment       0x00000026       0x27 CMakeFiles/blink.dir/opt/pico-sdk/src/rp2_common/pico_runtime/runtime.c.o
 .comment       0x00000026       0x27 CMakeFiles/blink.dir/opt/pico-sdk/src/rp2_common/pico_runtime_init/runtime_init.c.o
 .comment       0x00000026       0x27 CMakeFiles/blink.dir/opt/pico-sdk/src/rp2_common/pico_runtime_init/runtime_init_clocks.c.o
 .comment       0x00000026       0x27 CMakeFiles/blink.dir/opt/pico-sdk/src/rp2_common/pico_double/double_init_rom_rp2040.c.o
 .comment       0x00000026       0x27 CMakeFiles/blink.dir/opt/pico-sdk/src/rp2_common/pico_float/float_init_rom_rp2040.c.o
 .comment       0x00000026       0x27 CMakeFiles/blink.dir/opt/pico-sdk/src/rp2_common/pico_standard_binary_info/standard_binary_info.c.o
 .comment       0x00000026       0x27 CMakeFiles/blink.dir/opt/pico-sdk/src/rp2_common/pico_printf/printf.c.o
 .comment       0x00000026       0x27 CMakeFiles/blink.dir/opt/pico-sdk/src/rp2_common/pico_clib_interface/newlib_interface.c.o
 .comment       0x00000026       0x27 CMakeFiles/blink.dir/opt/pico-sdk/src/rp2_common/pico_stdio/stdio.c.o
 .comment       0x00000026       0x27 /usr/lib/gcc/arm-none-eabi/12.2.1/../../../arm-none-eabi/lib/thumb/v6-m/nofp/libg.a(lib_a-strlen-stub.o)
 .comment       0x00000026       0x27 /usr/lib/gcc/arm-none-eabi/12.2.1/thumb/v6-m/nofp/crtend.o

.debug_info     0x00000000    0x1972f
 .debug_info    0x00000000      0x863 CMakeFiles/blink.dir/main.c.o
 .debug_info    0x00000863     0x2425 CMakeFiles/blink.dir/opt/pico-sdk/src/rp2_common/hardware_gpio/gpio.c.o
 .debug_info    0x00002c88      0x1bf CMakeFiles/blink.dir/opt/pico-sdk/src/rp2_common/pico_platform_panic/panic.c.o
 .debug_info    0x00002e47      0x97f CMakeFiles/blink.dir/opt/pico-sdk/src/common/hardware_claim/claim.c.o
 .debug_info    0x000037c6      0x421 CMakeFiles/blink.dir/opt/pico-sdk/src/rp2_common/hardware_sync/sync.c.o
 .debug_info    0x00003be7      0x239 CMakeFiles/blink.dir/opt/pico-sdk/src/rp2_common/hardware_sync_spin_lock/sync_spin_lock.c.o
 .debug_info    0x00003e20     0x21a6 CMakeFiles/blink.dir/opt/pico-sdk/src/rp2_common/hardware_irq/irq.c.o
 .debug_info    0x00005fc6      0x153 CMakeFiles/blink.dir/opt/pico-sdk/src/common/pico_sync/lock_core.c.o
 .debug_info    0x00006119     0x27c5 CMakeFiles/blink.dir/opt/pico-sdk/src/common/pico_sync/mutex.c.o
 .debug_info    0x000088de     0x47ca CMakeFiles/blink.dir/opt/pico-sdk/src/common/pico_time/time.c.o
 .debug_info    0x0000d0a8     0x2a99 CMakeFiles/blink.dir/opt/pico-sdk/src/rp2_common/hardware_timer/timer.c.o
 .debug_info    0x0000fb41     0x2901 CMakeFiles/blink.dir/opt/pico-sdk/src/rp2_common/hardware_clocks/clocks.c.o
 .debug_info    0x00012442      0x4cd CMakeFiles/blink.dir/opt/pico-sdk/src/rp2_common/hardware_pll/pll.c.o
 .debug_info    0x0001290f      0x230 CMakeFiles/blink.dir/opt/pico-sdk/src/rp2_common/hardware_ticks/ticks.c.o
 .debug_info    0x00012b3f      0x648 CMakeFiles/blink.dir/opt/pico-sdk/src/rp2_common/pico_bootrom/bootrom.c.o
 .debug_info    0x00013187      0x1b8 CMakeFiles/blink.dir/opt/pico-sdk/src/rp2_common/hardware_xosc/xosc.c.o
 .debug_info    0x0001333f      0x20e CMakeFiles/blink.dir/opt/pico-sdk/src/rp2_common/pico_runtime/runtime.c.o
 .debug_info    0x0001354d      0x77d CMakeFiles/blink.dir/opt/pico-sdk/src/rp2_common/pico_runtime_init/runtime_init.c.o
 .debug_info    0x00013cca      0x768 CMakeFiles/blink.dir/opt/pico-sdk/src/rp2_common/pico_runtime_init/runtime_init_clocks.c.o
 .debug_info    0x00014432       0x23 CMakeFiles/blink.dir/opt/pico-sdk/src/rp2_common/pico_bit_ops/bit_ops_aeabi.S.o
 .debug_info    0x00014455       0x23 CMakeFiles/blink.dir/opt/pico-sdk/src/rp2_common/pico_divider/divider_hardware.S.o
 .debug_info    0x00014478       0x23 CMakeFiles/blink.dir/opt/pico-sdk/src/rp2_common/pico_double/double_aeabi_rp2040.S.o
 .debug_info    0x0001449b      0x266 CMakeFiles/blink.dir/opt/pico-sdk/src/rp2_common/pico_double/double_init_rom_rp2040.c.o
 .debug_info    0x00014701       0x23 CMakeFiles/blink.dir/opt/pico-sdk/src/rp2_common/pico_double/double_v1_rom_shim_rp2040.S.o
 .debug_info    0x00014724       0x24 CMakeFiles/blink.dir/opt/pico-sdk/src/rp2_common/pico_int64_ops/pico_int64_ops_aeabi.S.o
 .debug_info    0x00014748       0x23 CMakeFiles/blink.dir/opt/pico-sdk/src/rp2_common/pico_float/float_aeabi_rp2040.S.o
 .debug_info    0x0001476b      0x266 CMakeFiles/blink.dir/opt/pico-sdk/src/rp2_common/pico_float/float_init_rom_rp2040.c.o
 .debug_info    0x000149d1       0x23 CMakeFiles/blink.dir/opt/pico-sdk/src/rp2_common/pico_float/float_v1_rom_shim_rp2040.S.o
 .debug_info    0x000149f4       0x23 CMakeFiles/blink.dir/opt/pico-sdk/src/rp2_common/pico_mem_ops/mem_ops_aeabi.S.o
 .debug_info    0x00014a17      0x288 CMakeFiles/blink.dir/opt/pico-sdk/src/rp2_common/pico_standard_binary_info/standard_binary_info.c.o
 .debug_info    0x00014c9f     0x212e CMakeFiles/blink.dir/opt/pico-sdk/src/rp2_common/pico_printf/printf.c.o
 .debug_info    0x00016dcd       0x23 CMakeFiles/blink.dir/opt/pico-sdk/src/rp2_common/pico_crt0/crt0.S.o
 .debug_info    0x00016df0      0xb36 CMakeFiles/blink.dir/opt/pico-sdk/src/rp2_common/pico_clib_interface/newlib_interface.c.o
 .debug_info    0x00017926     0x1ce5 CMakeFiles/blink.dir/opt/pico-sdk/src/rp2_common/pico_stdio/stdio.c.o
 .debug_info    0x0001960b       0x39 /usr/lib/gcc/arm-none-eabi/12.2.1/thumb/v6-m/nofp/libgcc.a(_dvmd_tls.o)
 .debug_info    0x00019644       0xeb /usr/lib/gcc/arm-none-eabi/12.2.1/../../../arm-none-eabi/lib/thumb/v6-m/nofp/libg.a(lib_a-strlen-stub.o)

.debug_abbrev   0x00000000     0x4b1a
 .debug_abbrev  0x00000000      0x2b3 CMakeFiles/blink.dir/main.c.o
 .debug_abbrev  0x000002b3      0x4ef CMakeFiles/blink.dir/opt/pico-sdk/src/rp2_common/hardware_gpio/gpio.c.o
 .debug_abbrev  0x000007a2      0x12b CMakeFiles/blink.dir/opt/pico-sdk/src/rp2_common/pico_platform_panic/panic.c.o
 .debug_abbrev  0x000008cd      0x326 CMakeFiles/blink.dir/opt/pico-sdk/src/common/hardware_claim/claim.c.o
 .debug_abbrev  0x00000bf3      0x20d CMakeFiles/blink.dir/opt/pico-sdk/src/rp2_common/hardware_sync/sync.c.o
 .debug_abbrev  0x00000e00      0x1bb CMakeFiles/blink.dir/opt/pico-sdk/src/rp2_common/hardware_sync_spin_lock/sync_spin_lock.c.o
 .debug_abbrev  0x00000fbb      0x600 CMakeFiles/blink.dir/opt/pico-sdk/src/rp2_common/hardware_irq/irq.c.o
 .debug_abbrev  0x000015bb       0xee CMakeFiles/blink.dir/opt/pico-sdk/src/common/pico_sync/lock_core.c.o
 .debug_abbrev  0x000016a9      0x489 CMakeFiles/blink.dir/opt/pico-sdk/src/common/pico_sync/mutex.c.o
 .debug_abbrev  0x00001b32      0x689 CMakeFiles/blink.dir/opt/pico-sdk/src/common/pico_time/time.c.o
 .debug_abbrev  0x000021bb      0x4f2 CMakeFiles/blink.dir/opt/pico-sdk/src/rp2_common/hardware_timer/timer.c.o
 .debug_abbrev  0x000026ad      0x4d0 CMakeFiles/blink.dir/opt/pico-sdk/src/rp2_common/hardware_clocks/clocks.c.o
 .debug_abbrev  0x00002b7d      0x1d2 CMakeFiles/blink.dir/opt/pico-sdk/src/rp2_common/hardware_pll/pll.c.o
 .debug_abbrev  0x00002d4f      0x145 CMakeFiles/blink.dir/opt/pico-sdk/src/rp2_common/hardware_ticks/ticks.c.o
 .debug_abbrev  0x00002e94      0x1bc CMakeFiles/blink.dir/opt/pico-sdk/src/rp2_common/pico_bootrom/bootrom.c.o
 .debug_abbrev  0x00003050      0x11d CMakeFiles/blink.dir/opt/pico-sdk/src/rp2_common/hardware_xosc/xosc.c.o
 .debug_abbrev  0x0000316d      0x182 CMakeFiles/blink.dir/opt/pico-sdk/src/rp2_common/pico_runtime/runtime.c.o
 .debug_abbrev  0x000032ef      0x222 CMakeFiles/blink.dir/opt/pico-sdk/src/rp2_common/pico_runtime_init/runtime_init.c.o
 .debug_abbrev  0x00003511      0x294 CMakeFiles/blink.dir/opt/pico-sdk/src/rp2_common/pico_runtime_init/runtime_init_clocks.c.o
 .debug_abbrev  0x000037a5       0x12 CMakeFiles/blink.dir/opt/pico-sdk/src/rp2_common/pico_bit_ops/bit_ops_aeabi.S.o
 .debug_abbrev  0x000037b7       0x12 CMakeFiles/blink.dir/opt/pico-sdk/src/rp2_common/pico_divider/divider_hardware.S.o
 .debug_abbrev  0x000037c9       0x12 CMakeFiles/blink.dir/opt/pico-sdk/src/rp2_common/pico_double/double_aeabi_rp2040.S.o
 .debug_abbrev  0x000037db      0x17a CMakeFiles/blink.dir/opt/pico-sdk/src/rp2_common/pico_double/double_init_rom_rp2040.c.o
 .debug_abbrev  0x00003955       0x12 CMakeFiles/blink.dir/opt/pico-sdk/src/rp2_common/pico_double/double_v1_rom_shim_rp2040.S.o
 .debug_abbrev  0x00003967       0x14 CMakeFiles/blink.dir/opt/pico-sdk/src/rp2_common/pico_int64_ops/pico_int64_ops_aeabi.S.o
 .debug_abbrev  0x0000397b       0x12 CMakeFiles/blink.dir/opt/pico-sdk/src/rp2_common/pico_float/float_aeabi_rp2040.S.o
 .debug_abbrev  0x0000398d      0x173 CMakeFiles/blink.dir/opt/pico-sdk/src/rp2_common/pico_float/float_init_rom_rp2040.c.o
 .debug_abbrev  0x00003b00       0x12 CMakeFiles/blink.dir/opt/pico-sdk/src/rp2_common/pico_float/float_v1_rom_shim_rp2040.S.o
 .debug_abbrev  0x00003b12       0x12 CMakeFiles/blink.dir/opt/pico-sdk/src/rp2_common/pico_mem_ops/mem_ops_aeabi.S.o
 .debug_abbrev  0x00003b24       0xb8 CMakeFiles/blink.dir/opt/pico-sdk/src/rp2_common/pico_standard_binary_info/standard_binary_info.c.o
 .debug_abbrev  0x00003bdc      0x52a CMakeFiles/blink.dir/opt/pico-sdk/src/rp2_common/pico_printf/printf.c.o
 .debug_abbrev  0x00004106       0x12 CMakeFiles/blink.dir/opt/pico-sdk/src/rp2_common/pico_crt0/crt0.S.o
 .debug_abbrev  0x00004118      0x352 CMakeFiles/blink.dir/opt/pico-sdk/src/rp2_common/pico_clib_interface/newlib_interface.c.o
 .debug_abbrev  0x0000446a      0x601 CMakeFiles/blink.dir/opt/pico-sdk/src/rp2_common/pico_stdio/stdio.c.o
 .debug_abbrev  0x00004a6b       0x1f /usr/lib/gcc/arm-none-eabi/12.2.1/thumb/v6-m/nofp/libgcc.a(_dvmd_tls.o)
 .debug_abbrev  0x00004a8a       0x90 /usr/lib/gcc/arm-none-eabi/12.2.1/../../../arm-none-eabi/lib/thumb/v6-m/nofp/libg.a(lib_a-strlen-stub.o)

.debug_loclists
                0x00000000     0xe05f
 .debug_loclists
                0x00000000      0x160 CMakeFiles/blink.dir/main.c.o
 .debug_loclists
                0x00000160     0x1966 CMakeFiles/blink.dir/opt/pico-sdk/src/rp2_common/hardware_gpio/gpio.c.o
 .debug_loclists
                0x00001ac6      0x30a CMakeFiles/blink.dir/opt/pico-sdk/src/common/hardware_claim/claim.c.o
 .debug_loclists
                0x00001dd0       0xd2 CMakeFiles/blink.dir/opt/pico-sdk/src/rp2_common/hardware_sync/sync.c.o
 .debug_loclists
                0x00001ea2       0x77 CMakeFiles/blink.dir/opt/pico-sdk/src/rp2_common/hardware_sync_spin_lock/sync_spin_lock.c.o
 .debug_loclists
                0x00001f19     0x1092 CMakeFiles/blink.dir/opt/pico-sdk/src/rp2_common/hardware_irq/irq.c.o
 .debug_loclists
                0x00002fab       0x3b CMakeFiles/blink.dir/opt/pico-sdk/src/common/pico_sync/lock_core.c.o
 .debug_loclists
                0x00002fe6      0xa9d CMakeFiles/blink.dir/opt/pico-sdk/src/common/pico_sync/mutex.c.o
 .debug_loclists
                0x00003a83     0x22cf CMakeFiles/blink.dir/opt/pico-sdk/src/common/pico_time/time.c.o
 .debug_loclists
                0x00005d52     0x18b4 CMakeFiles/blink.dir/opt/pico-sdk/src/rp2_common/hardware_timer/timer.c.o
 .debug_loclists
                0x00007606     0x2568 CMakeFiles/blink.dir/opt/pico-sdk/src/rp2_common/hardware_clocks/clocks.c.o
 .debug_loclists
                0x00009b6e      0x1a8 CMakeFiles/blink.dir/opt/pico-sdk/src/rp2_common/hardware_pll/pll.c.o
 .debug_loclists
                0x00009d16       0x41 CMakeFiles/blink.dir/opt/pico-sdk/src/rp2_common/hardware_ticks/ticks.c.o
 .debug_loclists
                0x00009d57      0x36f CMakeFiles/blink.dir/opt/pico-sdk/src/rp2_common/pico_bootrom/bootrom.c.o
 .debug_loclists
                0x0000a0c6       0x48 CMakeFiles/blink.dir/opt/pico-sdk/src/rp2_common/hardware_xosc/xosc.c.o
 .debug_loclists
                0x0000a10e       0x7e CMakeFiles/blink.dir/opt/pico-sdk/src/rp2_common/pico_runtime/runtime.c.o
 .debug_loclists
                0x0000a18c       0xba CMakeFiles/blink.dir/opt/pico-sdk/src/rp2_common/pico_runtime_init/runtime_init.c.o
 .debug_loclists
                0x0000a246       0x74 CMakeFiles/blink.dir/opt/pico-sdk/src/rp2_common/pico_runtime_init/runtime_init_clocks.c.o
 .debug_loclists
                0x0000a2ba       0x3d CMakeFiles/blink.dir/opt/pico-sdk/src/rp2_common/pico_double/double_init_rom_rp2040.c.o
 .debug_loclists
                0x0000a2f7       0x59 CMakeFiles/blink.dir/opt/pico-sdk/src/rp2_common/pico_float/float_init_rom_rp2040.c.o
 .debug_loclists
                0x0000a350     0x2a97 CMakeFiles/blink.dir/opt/pico-sdk/src/rp2_common/pico_printf/printf.c.o
 .debug_loclists
                0x0000cde7      0x3a1 CMakeFiles/blink.dir/opt/pico-sdk/src/rp2_common/pico_clib_interface/newlib_interface.c.o
 .debug_loclists
                0x0000d188      0xe86 CMakeFiles/blink.dir/opt/pico-sdk/src/rp2_common/pico_stdio/stdio.c.o
 .debug_loclists
                0x0000e00e       0x51 /usr/lib/gcc/arm-none-eabi/12.2.1/../../../arm-none-eabi/lib/thumb/v6-m/nofp/libg.a(lib_a-strlen-stub.o)

.debug_aranges  0x00000000      0xeb8
 .debug_aranges
                0x00000000       0x30 CMakeFiles/blink.dir/main.c.o
 .debug_aranges
                0x00000030      0x120 CMakeFiles/blink.dir/opt/pico-sdk/src/rp2_common/hardware_gpio/gpio.c.o
 .debug_aranges
                0x00000150       0x28 CMakeFiles/blink.dir/opt/pico-sdk/src/rp2_common/pico_platform_panic/panic.c.o
 .debug_aranges
                0x00000178       0x48 CMakeFiles/blink.dir/opt/pico-sdk/src/common/hardware_claim/claim.c.o
 .debug_aranges
                0x000001c0       0x48 CMakeFiles/blink.dir/opt/pico-sdk/src/rp2_common/hardware_sync/sync.c.o
 .debug_aranges
                0x00000208       0x28 CMakeFiles/blink.dir/opt/pico-sdk/src/rp2_common/hardware_sync_spin_lock/sync_spin_lock.c.o
 .debug_aranges
                0x00000230       0xb8 CMakeFiles/blink.dir/opt/pico-sdk/src/rp2_common/hardware_irq/irq.c.o
 .debug_aranges
                0x000002e8       0x20 CMakeFiles/blink.dir/opt/pico-sdk/src/common/pico_sync/lock_core.c.o
 .debug_aranges
                0x00000308       0x98 CMakeFiles/blink.dir/opt/pico-sdk/src/common/pico_sync/mutex.c.o
 .debug_aranges
                0x000003a0       0xe0 CMakeFiles/blink.dir/opt/pico-sdk/src/common/pico_time/time.c.o
 .debug_aranges
                0x00000480       0xf0 CMakeFiles/blink.dir/opt/pico-sdk/src/rp2_common/hardware_timer/timer.c.o
 .debug_aranges
                0x00000570       0x90 CMakeFiles/blink.dir/opt/pico-sdk/src/rp2_common/hardware_clocks/clocks.c.o
 .debug_aranges
                0x00000600       0x28 CMakeFiles/blink.dir/opt/pico-sdk/src/rp2_common/hardware_pll/pll.c.o
 .debug_aranges
                0x00000628       0x30 CMakeFiles/blink.dir/opt/pico-sdk/src/rp2_common/hardware_ticks/ticks.c.o
 .debug_aranges
                0x00000658       0x40 CMakeFiles/blink.dir/opt/pico-sdk/src/rp2_common/pico_bootrom/bootrom.c.o
 .debug_aranges
                0x00000698       0x30 CMakeFiles/blink.dir/opt/pico-sdk/src/rp2_common/hardware_xosc/xosc.c.o
 .debug_aranges
                0x000006c8       0x38 CMakeFiles/blink.dir/opt/pico-sdk/src/rp2_common/pico_runtime/runtime.c.o
 .debug_aranges
                0x00000700       0x48 CMakeFiles/blink.dir/opt/pico-sdk/src/rp2_common/pico_runtime_init/runtime_init.c.o
 .debug_aranges
                0x00000748       0x20 CMakeFiles/blink.dir/opt/pico-sdk/src/rp2_common/pico_runtime_init/runtime_init_clocks.c.o
 .debug_aranges
                0x00000768       0x60 CMakeFiles/blink.dir/opt/pico-sdk/src/rp2_common/pico_bit_ops/bit_ops_aeabi.S.o
 .debug_aranges
                0x000007c8       0x40 CMakeFiles/blink.dir/opt/pico-sdk/src/rp2_common/pico_divider/divider_hardware.S.o
 .debug_aranges
                0x00000808      0x150 CMakeFiles/blink.dir/opt/pico-sdk/src/rp2_common/pico_double/double_aeabi_rp2040.S.o
 .debug_aranges
                0x00000958       0x20 CMakeFiles/blink.dir/opt/pico-sdk/src/rp2_common/pico_double/double_init_rom_rp2040.c.o
 .debug_aranges
                0x00000978       0xc8 CMakeFiles/blink.dir/opt/pico-sdk/src/rp2_common/pico_double/double_v1_rom_shim_rp2040.S.o
 .debug_aranges
                0x00000a40       0x20 CMakeFiles/blink.dir/opt/pico-sdk/src/rp2_common/pico_int64_ops/pico_int64_ops_aeabi.S.o
 .debug_aranges
                0x00000a60      0x138 CMakeFiles/blink.dir/opt/pico-sdk/src/rp2_common/pico_float/float_aeabi_rp2040.S.o
 .debug_aranges
                0x00000b98       0x20 CMakeFiles/blink.dir/opt/pico-sdk/src/rp2_common/pico_float/float_init_rom_rp2040.c.o
 .debug_aranges
                0x00000bb8       0x50 CMakeFiles/blink.dir/opt/pico-sdk/src/rp2_common/pico_float/float_v1_rom_shim_rp2040.S.o
 .debug_aranges
                0x00000c08       0x38 CMakeFiles/blink.dir/opt/pico-sdk/src/rp2_common/pico_mem_ops/mem_ops_aeabi.S.o
 .debug_aranges
                0x00000c40       0x18 CMakeFiles/blink.dir/opt/pico-sdk/src/rp2_common/pico_standard_binary_info/standard_binary_info.c.o
 .debug_aranges
                0x00000c58       0x90 CMakeFiles/blink.dir/opt/pico-sdk/src/rp2_common/pico_printf/printf.c.o
 .debug_aranges
                0x00000ce8       0x28 CMakeFiles/blink.dir/opt/pico-sdk/src/rp2_common/pico_crt0/crt0.S.o
 .debug_aranges
                0x00000d10       0xa0 CMakeFiles/blink.dir/opt/pico-sdk/src/rp2_common/pico_clib_interface/newlib_interface.c.o
 .debug_aranges
                0x00000db0       0xc8 CMakeFiles/blink.dir/opt/pico-sdk/src/rp2_common/pico_stdio/stdio.c.o
 .debug_aranges
                0x00000e78       0x20 /usr/lib/gcc/arm-none-eabi/12.2.1/thumb/v6-m/nofp/libgcc.a(_dvmd_tls.o)
 .debug_aranges
                0x00000e98       0x20 /usr/lib/gcc/arm-none-eabi/12.2.1/../../../arm-none-eabi/lib/thumb/v6-m/nofp/libg.a(lib_a-strlen-stub.o)

.debug_rnglists
                0x00000000     0x2a1a
 .debug_rnglists
                0x00000000       0x79 CMakeFiles/blink.dir/main.c.o
 .debug_rnglists
                0x00000079      0x5b6 CMakeFiles/blink.dir/opt/pico-sdk/src/rp2_common/hardware_gpio/gpio.c.o
 .debug_rnglists
                0x0000062f       0x19 CMakeFiles/blink.dir/opt/pico-sdk/src/rp2_common/pico_platform_panic/panic.c.o
 .debug_rnglists
                0x00000648       0xc5 CMakeFiles/blink.dir/opt/pico-sdk/src/common/hardware_claim/claim.c.o
 .debug_rnglists
                0x0000070d       0x67 CMakeFiles/blink.dir/opt/pico-sdk/src/rp2_common/hardware_sync/sync.c.o
 .debug_rnglists
                0x00000774       0x3d CMakeFiles/blink.dir/opt/pico-sdk/src/rp2_common/hardware_sync_spin_lock/sync_spin_lock.c.o
 .debug_rnglists
                0x000007b1      0x37d CMakeFiles/blink.dir/opt/pico-sdk/src/rp2_common/hardware_irq/irq.c.o
 .debug_rnglists
                0x00000b2e       0x1f CMakeFiles/blink.dir/opt/pico-sdk/src/common/pico_sync/lock_core.c.o
 .debug_rnglists
                0x00000b4d      0x32d CMakeFiles/blink.dir/opt/pico-sdk/src/common/pico_sync/mutex.c.o
 .debug_rnglists
                0x00000e7a      0x756 CMakeFiles/blink.dir/opt/pico-sdk/src/common/pico_time/time.c.o
 .debug_rnglists
                0x000015d0      0x2c6 CMakeFiles/blink.dir/opt/pico-sdk/src/rp2_common/hardware_timer/timer.c.o
 .debug_rnglists
                0x00001896      0x5ea CMakeFiles/blink.dir/opt/pico-sdk/src/rp2_common/hardware_clocks/clocks.c.o
 .debug_rnglists
                0x00001e80       0x5c CMakeFiles/blink.dir/opt/pico-sdk/src/rp2_common/hardware_pll/pll.c.o
 .debug_rnglists
                0x00001edc       0x2b CMakeFiles/blink.dir/opt/pico-sdk/src/rp2_common/hardware_ticks/ticks.c.o
 .debug_rnglists
                0x00001f07      0x11b CMakeFiles/blink.dir/opt/pico-sdk/src/rp2_common/pico_bootrom/bootrom.c.o
 .debug_rnglists
                0x00002022       0x1f CMakeFiles/blink.dir/opt/pico-sdk/src/rp2_common/hardware_xosc/xosc.c.o
 .debug_rnglists
                0x00002041       0x3d CMakeFiles/blink.dir/opt/pico-sdk/src/rp2_common/pico_runtime/runtime.c.o
 .debug_rnglists
                0x0000207e       0x49 CMakeFiles/blink.dir/opt/pico-sdk/src/rp2_common/pico_runtime_init/runtime_init.c.o
 .debug_rnglists
                0x000020c7       0x20 CMakeFiles/blink.dir/opt/pico-sdk/src/rp2_common/pico_runtime_init/runtime_init_clocks.c.o
 .debug_rnglists
                0x000020e7       0x43 CMakeFiles/blink.dir/opt/pico-sdk/src/rp2_common/pico_bit_ops/bit_ops_aeabi.S.o
 .debug_rnglists
                0x0000212a       0x2c CMakeFiles/blink.dir/opt/pico-sdk/src/rp2_common/pico_divider/divider_hardware.S.o
 .debug_rnglists
                0x00002156       0xf9 CMakeFiles/blink.dir/opt/pico-sdk/src/rp2_common/pico_double/double_aeabi_rp2040.S.o
 .debug_rnglists
                0x0000224f       0x14 CMakeFiles/blink.dir/opt/pico-sdk/src/rp2_common/pico_double/double_init_rom_rp2040.c.o
 .debug_rnglists
                0x00002263       0x99 CMakeFiles/blink.dir/opt/pico-sdk/src/rp2_common/pico_double/double_v1_rom_shim_rp2040.S.o
 .debug_rnglists
                0x000022fc       0xe5 CMakeFiles/blink.dir/opt/pico-sdk/src/rp2_common/pico_float/float_aeabi_rp2040.S.o
 .debug_rnglists
                0x000023e1       0x13 CMakeFiles/blink.dir/opt/pico-sdk/src/rp2_common/pico_float/float_init_rom_rp2040.c.o
 .debug_rnglists
                0x000023f4       0x38 CMakeFiles/blink.dir/opt/pico-sdk/src/rp2_common/pico_float/float_v1_rom_shim_rp2040.S.o
 .debug_rnglists
                0x0000242c       0x25 CMakeFiles/blink.dir/opt/pico-sdk/src/rp2_common/pico_mem_ops/mem_ops_aeabi.S.o
 .debug_rnglists
                0x00002451      0x2a1 CMakeFiles/blink.dir/opt/pico-sdk/src/rp2_common/pico_printf/printf.c.o
 .debug_rnglists
                0x000026f2       0x1b CMakeFiles/blink.dir/opt/pico-sdk/src/rp2_common/pico_crt0/crt0.S.o
 .debug_rnglists
                0x0000270d       0x7f CMakeFiles/blink.dir/opt/pico-sdk/src/rp2_common/pico_clib_interface/newlib_interface.c.o
 .debug_rnglists
                0x0000278c      0x28e CMakeFiles/blink.dir/opt/pico-sdk/src/rp2_common/pico_stdio/stdio.c.o

.debug_line     0x00000000    0x123dd
 .debug_line    0x00000000      0x431 CMakeFiles/blink.dir/main.c.o
 .debug_line    0x00000431     0x190f CMakeFiles/blink.dir/opt/pico-sdk/src/rp2_common/hardware_gpio/gpio.c.o
 .debug_line    0x00001d40      0x1c5 CMakeFiles/blink.dir/opt/pico-sdk/src/rp2_common/pico_platform_panic/panic.c.o
 .debug_line    0x00001f05      0x7ce CMakeFiles/blink.dir/opt/pico-sdk/src/common/hardware_claim/claim.c.o
 .debug_line    0x000026d3      0x3b3 CMakeFiles/blink.dir/opt/pico-sdk/src/rp2_common/hardware_sync/sync.c.o
 .debug_line    0x00002a86      0x2bc CMakeFiles/blink.dir/opt/pico-sdk/src/rp2_common/hardware_sync_spin_lock/sync_spin_lock.c.o
 .debug_line    0x00002d42     0x1509 CMakeFiles/blink.dir/opt/pico-sdk/src/rp2_common/hardware_irq/irq.c.o
 .debug_line    0x0000424b      0x1f3 CMakeFiles/blink.dir/opt/pico-sdk/src/common/pico_sync/lock_core.c.o
 .debug_line    0x0000443e     0x1876 CMakeFiles/blink.dir/opt/pico-sdk/src/common/pico_sync/mutex.c.o
 .debug_line    0x00005cb4     0x2bc0 CMakeFiles/blink.dir/opt/pico-sdk/src/common/pico_time/time.c.o
 .debug_line    0x00008874     0x1a66 CMakeFiles/blink.dir/opt/pico-sdk/src/rp2_common/hardware_timer/timer.c.o
 .debug_line    0x0000a2da     0x1c1f CMakeFiles/blink.dir/opt/pico-sdk/src/rp2_common/hardware_clocks/clocks.c.o
 .debug_line    0x0000bef9      0x427 CMakeFiles/blink.dir/opt/pico-sdk/src/rp2_common/hardware_pll/pll.c.o
 .debug_line    0x0000c320      0x249 CMakeFiles/blink.dir/opt/pico-sdk/src/rp2_common/hardware_ticks/ticks.c.o
 .debug_line    0x0000c569      0x3b4 CMakeFiles/blink.dir/opt/pico-sdk/src/rp2_common/pico_bootrom/bootrom.c.o
 .debug_line    0x0000c91d      0x264 CMakeFiles/blink.dir/opt/pico-sdk/src/rp2_common/hardware_xosc/xosc.c.o
 .debug_line    0x0000cb81      0x220 CMakeFiles/blink.dir/opt/pico-sdk/src/rp2_common/pico_runtime/runtime.c.o
 .debug_line    0x0000cda1      0x429 CMakeFiles/blink.dir/opt/pico-sdk/src/rp2_common/pico_runtime_init/runtime_init.c.o
 .debug_line    0x0000d1ca      0x3f9 CMakeFiles/blink.dir/opt/pico-sdk/src/rp2_common/pico_runtime_init/runtime_init_clocks.c.o
 .debug_line    0x0000d5c3      0x107 CMakeFiles/blink.dir/opt/pico-sdk/src/rp2_common/pico_bit_ops/bit_ops_aeabi.S.o
 .debug_line    0x0000d6ca      0x2a9 CMakeFiles/blink.dir/opt/pico-sdk/src/rp2_common/pico_divider/divider_hardware.S.o
 .debug_line    0x0000d973      0x452 CMakeFiles/blink.dir/opt/pico-sdk/src/rp2_common/pico_double/double_aeabi_rp2040.S.o
 .debug_line    0x0000ddc5      0x314 CMakeFiles/blink.dir/opt/pico-sdk/src/rp2_common/pico_double/double_init_rom_rp2040.c.o
 .debug_line    0x0000e0d9      0x66d CMakeFiles/blink.dir/opt/pico-sdk/src/rp2_common/pico_double/double_v1_rom_shim_rp2040.S.o
 .debug_line    0x0000e746       0x61 CMakeFiles/blink.dir/opt/pico-sdk/src/rp2_common/pico_int64_ops/pico_int64_ops_aeabi.S.o
 .debug_line    0x0000e7a7      0x3d2 CMakeFiles/blink.dir/opt/pico-sdk/src/rp2_common/pico_float/float_aeabi_rp2040.S.o
 .debug_line    0x0000eb79      0x279 CMakeFiles/blink.dir/opt/pico-sdk/src/rp2_common/pico_float/float_init_rom_rp2040.c.o
 .debug_line    0x0000edf2      0x195 CMakeFiles/blink.dir/opt/pico-sdk/src/rp2_common/pico_float/float_v1_rom_shim_rp2040.S.o
 .debug_line    0x0000ef87       0x94 CMakeFiles/blink.dir/opt/pico-sdk/src/rp2_common/pico_mem_ops/mem_ops_aeabi.S.o
 .debug_line    0x0000f01b      0x139 CMakeFiles/blink.dir/opt/pico-sdk/src/rp2_common/pico_standard_binary_info/standard_binary_info.c.o
 .debug_line    0x0000f154     0x17fe CMakeFiles/blink.dir/opt/pico-sdk/src/rp2_common/pico_printf/printf.c.o
 .debug_line    0x00010952       0xa5 CMakeFiles/blink.dir/opt/pico-sdk/src/rp2_common/pico_crt0/crt0.S.o
 .debug_line    0x000109f7      0x6d5 CMakeFiles/blink.dir/opt/pico-sdk/src/rp2_common/pico_clib_interface/newlib_interface.c.o
 .debug_line    0x000110cc     0x111a CMakeFiles/blink.dir/opt/pico-sdk/src/rp2_common/pico_stdio/stdio.c.o
 .debug_line    0x000121e6       0x4a /usr/lib/gcc/arm-none-eabi/12.2.1/thumb/v6-m/nofp/libgcc.a(_dvmd_tls.o)
 .debug_line    0x00012230      0x1ad /usr/lib/gcc/arm-none-eabi/12.2.1/../../../arm-none-eabi/lib/thumb/v6-m/nofp/libg.a(lib_a-strlen-stub.o)

.debug_str      0x00000000     0x4246
 .debug_str     0x00000000      0x618 CMakeFiles/blink.dir/main.c.o
                                0x664 (size before relaxing)
 .debug_str     0x00000618      0x7e7 CMakeFiles/blink.dir/opt/pico-sdk/src/rp2_common/hardware_gpio/gpio.c.o
                                0xc2e (size before relaxing)
 .debug_str     0x00000dff       0x85 CMakeFiles/blink.dir/opt/pico-sdk/src/rp2_common/pico_platform_panic/panic.c.o
                                0x1e5 (size before relaxing)
 .debug_str     0x00000e84      0x1c7 CMakeFiles/blink.dir/opt/pico-sdk/src/common/hardware_claim/claim.c.o
                                0x353 (size before relaxing)
 .debug_str     0x0000104b       0xbf CMakeFiles/blink.dir/opt/pico-sdk/src/rp2_common/hardware_sync/sync.c.o
                                0x2fc (size before relaxing)
 .debug_str     0x0000110a       0x55 CMakeFiles/blink.dir/opt/pico-sdk/src/rp2_common/hardware_sync_spin_lock/sync_spin_lock.c.o
                                0x219 (size before relaxing)
 .debug_str     0x0000115f      0x4cd CMakeFiles/blink.dir/opt/pico-sdk/src/rp2_common/hardware_irq/irq.c.o
                                0xa19 (size before relaxing)
 .debug_str     0x0000162c       0x4f CMakeFiles/blink.dir/opt/pico-sdk/src/common/pico_sync/lock_core.c.o
                                0x1e5 (size before relaxing)
 .debug_str     0x0000167b      0x25f CMakeFiles/blink.dir/opt/pico-sdk/src/common/pico_sync/mutex.c.o
                                0x744 (size before relaxing)
 .debug_str     0x000018da      0x7a5 CMakeFiles/blink.dir/opt/pico-sdk/src/common/pico_time/time.c.o
                               0x112b (size before relaxing)
 .debug_str     0x0000207f      0x1d5 CMakeFiles/blink.dir/opt/pico-sdk/src/rp2_common/hardware_timer/timer.c.o
                                0x995 (size before relaxing)
 .debug_str     0x00002254      0x492 CMakeFiles/blink.dir/opt/pico-sdk/src/rp2_common/hardware_clocks/clocks.c.o
                                0x949 (size before relaxing)
 .debug_str     0x000026e6      0x21c CMakeFiles/blink.dir/opt/pico-sdk/src/rp2_common/hardware_pll/pll.c.o
                                0x42c (size before relaxing)
 .debug_str     0x00002902       0xbc CMakeFiles/blink.dir/opt/pico-sdk/src/rp2_common/hardware_ticks/ticks.c.o
                                0x25b (size before relaxing)
 .debug_str     0x000029be      0x196 CMakeFiles/blink.dir/opt/pico-sdk/src/rp2_common/pico_bootrom/bootrom.c.o
                                0x315 (size before relaxing)
 .debug_str     0x00002b54       0x68 CMakeFiles/blink.dir/opt/pico-sdk/src/rp2_common/hardware_xosc/xosc.c.o
                                0x210 (size before relaxing)
 .debug_str     0x00002bbc       0xdd CMakeFiles/blink.dir/opt/pico-sdk/src/rp2_common/pico_runtime/runtime.c.o
                                0x26b (size before relaxing)
 .debug_str     0x00002c99      0x29e CMakeFiles/blink.dir/opt/pico-sdk/src/rp2_common/pico_runtime_init/runtime_init.c.o
                                0x754 (size before relaxing)
 .debug_str     0x00002f37       0x55 CMakeFiles/blink.dir/opt/pico-sdk/src/rp2_common/pico_runtime_init/runtime_init_clocks.c.o
                                0x468 (size before relaxing)
 .debug_str     0x00002f8c       0x46 CMakeFiles/blink.dir/opt/pico-sdk/src/rp2_common/pico_bit_ops/bit_ops_aeabi.S.o
                                 0x6d (size before relaxing)
 .debug_str     0x00002fd2       0x3d CMakeFiles/blink.dir/opt/pico-sdk/src/rp2_common/pico_divider/divider_hardware.S.o
                                 0x70 (size before relaxing)
 .debug_str     0x0000300f       0x3f CMakeFiles/blink.dir/opt/pico-sdk/src/rp2_common/pico_double/double_aeabi_rp2040.S.o
                                 0x72 (size before relaxing)
 .debug_str     0x0000304e       0xce CMakeFiles/blink.dir/opt/pico-sdk/src/rp2_common/pico_double/double_init_rom_rp2040.c.o
                                0x286 (size before relaxing)
 .debug_str     0x0000311c       0x45 CMakeFiles/blink.dir/opt/pico-sdk/src/rp2_common/pico_double/double_v1_rom_shim_rp2040.S.o
                                 0x78 (size before relaxing)
 .debug_str     0x00003161       0x43 CMakeFiles/blink.dir/opt/pico-sdk/src/rp2_common/pico_int64_ops/pico_int64_ops_aeabi.S.o
                                 0x76 (size before relaxing)
 .debug_str     0x000031a4       0x3d CMakeFiles/blink.dir/opt/pico-sdk/src/rp2_common/pico_float/float_aeabi_rp2040.S.o
                                 0x70 (size before relaxing)
 .debug_str     0x000031e1       0x85 CMakeFiles/blink.dir/opt/pico-sdk/src/rp2_common/pico_float/float_init_rom_rp2040.c.o
                                0x26b (size before relaxing)
 .debug_str     0x00003266       0x43 CMakeFiles/blink.dir/opt/pico-sdk/src/rp2_common/pico_float/float_v1_rom_shim_rp2040.S.o
                                 0x76 (size before relaxing)
 .debug_str     0x000032a9       0x3a CMakeFiles/blink.dir/opt/pico-sdk/src/rp2_common/pico_mem_ops/mem_ops_aeabi.S.o
                                 0x6d (size before relaxing)
 .debug_str     0x000032e3      0x23c CMakeFiles/blink.dir/opt/pico-sdk/src/rp2_common/pico_standard_binary_info/standard_binary_info.c.o
                                0x3bb (size before relaxing)
 .debug_str     0x0000351f      0x273 CMakeFiles/blink.dir/opt/pico-sdk/src/rp2_common/pico_printf/printf.c.o
                                0x4a3 (size before relaxing)
 .debug_str     0x00003792       0x2e CMakeFiles/blink.dir/opt/pico-sdk/src/rp2_common/pico_crt0/crt0.S.o
                                 0x61 (size before relaxing)
 .debug_str     0x000037c0      0x31a CMakeFiles/blink.dir/opt/pico-sdk/src/rp2_common/pico_clib_interface/newlib_interface.c.o
                                0x705 (size before relaxing)
 .debug_str     0x00003ada      0x5a1 CMakeFiles/blink.dir/opt/pico-sdk/src/rp2_common/pico_stdio/stdio.c.o
                                0xd60 (size before relaxing)
 .debug_str     0x0000407b       0xbf /usr/lib/gcc/arm-none-eabi/12.2.1/thumb/v6-m/nofp/libgcc.a(_dvmd_tls.o)
 .debug_str     0x0000413a      0x10c /usr/lib/gcc/arm-none-eabi/12.2.1/../../../arm-none-eabi/lib/thumb/v6-m/nofp/libg.a(lib_a-strlen-stub.o)
                                0x1b5 (size before relaxing)

.debug_frame    0x00000000     0x1998
 .debug_frame   0x00000000       0x54 CMakeFiles/blink.dir/main.c.o
 .debug_frame   0x00000054      0x330 CMakeFiles/blink.dir/opt/pico-sdk/src/rp2_common/hardware_gpio/gpio.c.o
 .debug_frame   0x00000384       0x44 CMakeFiles/blink.dir/opt/pico-sdk/src/rp2_common/pico_platform_panic/panic.c.o
 .debug_frame   0x000003c8       0xa0 CMakeFiles/blink.dir/opt/pico-sdk/src/common/hardware_claim/claim.c.o
 .debug_frame   0x00000468       0xa8 CMakeFiles/blink.dir/opt/pico-sdk/src/rp2_common/hardware_sync/sync.c.o
 .debug_frame   0x00000510       0x30 CMakeFiles/blink.dir/opt/pico-sdk/src/rp2_common/hardware_sync_spin_lock/sync_spin_lock.c.o
 .debug_frame   0x00000540      0x1cc CMakeFiles/blink.dir/opt/pico-sdk/src/rp2_common/hardware_irq/irq.c.o
 .debug_frame   0x0000070c       0x20 CMakeFiles/blink.dir/opt/pico-sdk/src/common/pico_sync/lock_core.c.o
 .debug_frame   0x0000072c      0x1e4 CMakeFiles/blink.dir/opt/pico-sdk/src/common/pico_sync/mutex.c.o
 .debug_frame   0x00000910      0x2d0 CMakeFiles/blink.dir/opt/pico-sdk/src/common/pico_time/time.c.o
 .debug_frame   0x00000be0      0x2c0 CMakeFiles/blink.dir/opt/pico-sdk/src/rp2_common/hardware_timer/timer.c.o
 .debug_frame   0x00000ea0      0x1f0 CMakeFiles/blink.dir/opt/pico-sdk/src/rp2_common/hardware_clocks/clocks.c.o
 .debug_frame   0x00001090       0x40 CMakeFiles/blink.dir/opt/pico-sdk/src/rp2_common/hardware_pll/pll.c.o
 .debug_frame   0x000010d0       0x40 CMakeFiles/blink.dir/opt/pico-sdk/src/rp2_common/hardware_ticks/ticks.c.o
 .debug_frame   0x00001110       0xa0 CMakeFiles/blink.dir/opt/pico-sdk/src/rp2_common/pico_bootrom/bootrom.c.o
 .debug_frame   0x000011b0       0x40 CMakeFiles/blink.dir/opt/pico-sdk/src/rp2_common/hardware_xosc/xosc.c.o
 .debug_frame   0x000011f0       0x70 CMakeFiles/blink.dir/opt/pico-sdk/src/rp2_common/pico_runtime/runtime.c.o
 .debug_frame   0x00001260       0x84 CMakeFiles/blink.dir/opt/pico-sdk/src/rp2_common/pico_runtime_init/runtime_init.c.o
 .debug_frame   0x000012e4       0x2c CMakeFiles/blink.dir/opt/pico-sdk/src/rp2_common/pico_runtime_init/runtime_init_clocks.c.o
 .debug_frame   0x00001310       0x2c CMakeFiles/blink.dir/opt/pico-sdk/src/rp2_common/pico_double/double_init_rom_rp2040.c.o
 .debug_frame   0x0000133c       0x28 CMakeFiles/blink.dir/opt/pico-sdk/src/rp2_common/pico_float/float_init_rom_rp2040.c.o
 .debug_frame   0x00001364      0x1ec CMakeFiles/blink.dir/opt/pico-sdk/src/rp2_common/pico_printf/printf.c.o
 .debug_frame   0x00001550      0x174 CMakeFiles/blink.dir/opt/pico-sdk/src/rp2_common/pico_clib_interface/newlib_interface.c.o
 .debug_frame   0x000016c4      0x2ac CMakeFiles/blink.dir/opt/pico-sdk/src/rp2_common/pico_stdio/stdio.c.o
 .debug_frame   0x00001970       0x28 /usr/lib/gcc/arm-none-eabi/12.2.1/../../../arm-none-eabi/lib/thumb/v6-m/nofp/libg.a(lib_a-strlen-stub.o)

.debug_line_str
                0x00000000      0x293
 .debug_line_str
                0x00000000       0x61 CMakeFiles/blink.dir/opt/pico-sdk/src/rp2_common/pico_bit_ops/bit_ops_aeabi.S.o
 .debug_line_str
                0x00000061       0x3d CMakeFiles/blink.dir/opt/pico-sdk/src/rp2_common/pico_divider/divider_hardware.S.o
                                 0x64 (size before relaxing)
 .debug_line_str
                0x0000009e       0x3f CMakeFiles/blink.dir/opt/pico-sdk/src/rp2_common/pico_double/double_aeabi_rp2040.S.o
                                 0x66 (size before relaxing)
 .debug_line_str
                0x000000dd       0x1c CMakeFiles/blink.dir/opt/pico-sdk/src/rp2_common/pico_double/double_v1_rom_shim_rp2040.S.o
                                 0x6c (size before relaxing)
 .debug_line_str
                0x000000f9       0x43 CMakeFiles/blink.dir/opt/pico-sdk/src/rp2_common/pico_int64_ops/pico_int64_ops_aeabi.S.o
                                 0x6a (size before relaxing)
 .debug_line_str
                0x0000013c       0x3d CMakeFiles/blink.dir/opt/pico-sdk/src/rp2_common/pico_float/float_aeabi_rp2040.S.o
                                 0x64 (size before relaxing)
 .debug_line_str
                0x00000179       0x1b CMakeFiles/blink.dir/opt/pico-sdk/src/rp2_common/pico_float/float_v1_rom_shim_rp2040.S.o
                                 0x6a (size before relaxing)
 .debug_line_str
                0x00000194       0x3a CMakeFiles/blink.dir/opt/pico-sdk/src/rp2_common/pico_mem_ops/mem_ops_aeabi.S.o
                                 0x61 (size before relaxing)
 .debug_line_str
                0x000001ce       0x2e CMakeFiles/blink.dir/opt/pico-sdk/src/rp2_common/pico_crt0/crt0.S.o
                                 0x55 (size before relaxing)
 .debug_line_str
                0x000001fc       0x97 /usr/lib/gcc/arm-none-eabi/12.2.1/thumb/v6-m/nofp/libgcc.a(_dvmd_tls.o)
